Initializing gui preferences from file  /RAID2/COURSE/2026_Spring/iclab/iclab067/.synopsys_dc_gui/preferences.tcl
#======================================================
#
# Synopsys Synthesis Scripts (Design Vision dctcl mode)
#
#======================================================
#======================================================
# (A) Global Parameters
#======================================================
set DESIGN "ISP"
ISP
set CYCLE 13.1
13.1
set INPUT_DLY [expr 0.5*$CYCLE]
6.55
set OUTPUT_DLY [expr 0.5*$CYCLE]
6.55
#======================================================
# (B) Read RTL Code
#======================================================
# (B-1) analyze + elaborate
set hdlin_auto_save_templates TRUE
TRUE
analyze -f sverilog $DESIGN\.v 
Running PRESTO HDLC
Compiling source file ../01_RTL/ISP.v
Presto compilation completed successfully.
Loading db file '/RAID2/COURSE/BackUp/2023_Spring/iclab/iclabta01/umc018/Synthesis/slow.db'
Loading db file '/usr/cad/synopsys/synthesis/cur/libraries/syn/dw_foundation.sldb'
Loading db file '/usr/cad/synopsys/synthesis/cur/libraries/syn/standard.sldb'
1
elaborate $DESIGN  
Loading db file '/usr/cad/synopsys/synthesis/2022.03/libraries/syn/gtech.db'
Loading db file '/usr/cad/synopsys/synthesis/2022.03/libraries/syn/standard.sldb'
  Loading link library 'slow'
  Loading link library 'gtech'
Running PRESTO HDLC
Warning:  ../01_RTL/ISP.v:668: signed to unsigned conversion occurs. (VER-318)
Warning:  ../01_RTL/ISP.v:668: signed to unsigned conversion occurs. (VER-318)
Warning:  ../01_RTL/ISP.v:681: signed to unsigned conversion occurs. (VER-318)
Warning:  ../01_RTL/ISP.v:684: signed to unsigned conversion occurs. (VER-318)
Warning:  ../01_RTL/ISP.v:693: signed to unsigned conversion occurs. (VER-318)
Warning:  ../01_RTL/ISP.v:696: signed to unsigned conversion occurs. (VER-318)
Warning:  ../01_RTL/ISP.v:836: signed to unsigned conversion occurs. (VER-318)
Warning:  ../01_RTL/ISP.v:836: signed to unsigned conversion occurs. (VER-318)
Warning:  ../01_RTL/ISP.v:847: signed to unsigned conversion occurs. (VER-318)
Warning:  ../01_RTL/ISP.v:849: signed to unsigned conversion occurs. (VER-318)
Warning:  ../01_RTL/ISP.v:857: signed to unsigned conversion occurs. (VER-318)
Warning:  ../01_RTL/ISP.v:859: signed to unsigned conversion occurs. (VER-318)
Warning:  ../01_RTL/ISP.v:886: unsigned to signed assignment occurs. (VER-318)
Warning:  ../01_RTL/ISP.v:887: unsigned to signed assignment occurs. (VER-318)
Warning:  ../01_RTL/ISP.v:888: unsigned to signed assignment occurs. (VER-318)
Warning:  ../01_RTL/ISP.v:923: signed to unsigned part selection occurs. (VER-318)
Warning:  ../01_RTL/ISP.v:924: signed to unsigned part selection occurs. (VER-318)
Warning:  ../01_RTL/ISP.v:925: signed to unsigned part selection occurs. (VER-318)
Warning:  ../01_RTL/ISP.v:441: DEFAULT branch of CASE statement cannot be reached. (ELAB-311)
Warning:  ../01_RTL/ISP.v:450: DEFAULT branch of CASE statement cannot be reached. (ELAB-311)

Statistics for case statements in always block at line 440 in file
        '../01_RTL/ISP.v'
===============================================
|           Line           |  full/ parallel  |
===============================================
|           441            |    auto/auto     |
|           450            |    auto/auto     |
|           460            |    auto/auto     |
===============================================

Inferred memory devices in process
        in routine ISP line 334 in file
                '../01_RTL/ISP.v'.
===============================================================================
|    Register Name    |   Type    | Width | Bus | MB | AR | AS | SR | SS | ST |
===============================================================================
| out_valid_chain_reg | Flip-flop |  256  |  Y  | N  | Y  | N  | N  | N  | N  |
===============================================================================

Inferred memory devices in process
        in routine ISP line 343 in file
                '../01_RTL/ISP.v'.
===============================================================================
|    Register Name    |   Type    | Width | Bus | MB | AR | AS | SR | SS | ST |
===============================================================================
|    gain_buf_reg     | Flip-flop | 1728  |  Y  | N  | Y  | N  | N  | N  | N  |
===============================================================================

Inferred memory devices in process
        in routine ISP line 397 in file
                '../01_RTL/ISP.v'.
===============================================================================
|    Register Name    |   Type    | Width | Bus | MB | AR | AS | SR | SS | ST |
===============================================================================
|    blc_reg1_reg     | Flip-flop |  12   |  Y  | N  | Y  | N  | N  | N  | N  |
===============================================================================

Inferred memory devices in process
        in routine ISP line 408 in file
                '../01_RTL/ISP.v'.
===============================================================================
|    Register Name    |   Type    | Width | Bus | MB | AR | AS | SR | SS | ST |
===============================================================================
|     y_pix1_reg      | Flip-flop |   4   |  Y  | N  | Y  | N  | N  | N  | N  |
|     x_pix1_reg      | Flip-flop |   4   |  Y  | N  | Y  | N  | N  | N  | N  |
===============================================================================

Inferred memory devices in process
        in routine ISP line 487 in file
                '../01_RTL/ISP.v'.
===============================================================================
|    Register Name    |   Type    | Width | Bus | MB | AR | AS | SR | SS | ST |
===============================================================================
|     g11_reg_reg     | Flip-flop |  12   |  Y  | N  | Y  | N  | N  | N  | N  |
|     g00_reg_reg     | Flip-flop |  12   |  Y  | N  | Y  | N  | N  | N  | N  |
|     g01_reg_reg     | Flip-flop |  12   |  Y  | N  | Y  | N  | N  | N  | N  |
|     g10_reg_reg     | Flip-flop |  12   |  Y  | N  | Y  | N  | N  | N  | N  |
===============================================================================

Inferred memory devices in process
        in routine ISP line 503 in file
                '../01_RTL/ISP.v'.
===============================================================================
|    Register Name    |   Type    | Width | Bus | MB | AR | AS | SR | SS | ST |
===============================================================================
|    blc_reg2_reg     | Flip-flop |  12   |  Y  | N  | Y  | N  | N  | N  | N  |
===============================================================================

Inferred memory devices in process
        in routine ISP line 516 in file
                '../01_RTL/ISP.v'.
===============================================================================
|    Register Name    |   Type    | Width | Bus | MB | AR | AS | SR | SS | ST |
===============================================================================
|      dxdy2_reg      | Flip-flop |  15   |  Y  | N  | Y  | N  | N  | N  | N  |
|      ixiy2_reg      | Flip-flop |  18   |  Y  | N  | Y  | N  | N  | N  | N  |
|      ixdy2_reg      | Flip-flop |  16   |  Y  | N  | Y  | N  | N  | N  | N  |
|      dxiy2_reg      | Flip-flop |  16   |  Y  | N  | Y  | N  | N  | N  | N  |
===============================================================================

Inferred memory devices in process
        in routine ISP line 542 in file
                '../01_RTL/ISP.v'.
===============================================================================
|    Register Name    |   Type    | Width | Bus | MB | AR | AS | SR | SS | ST |
===============================================================================
|    P_xy_reg3_reg    | Flip-flop |  12   |  Y  | N  | Y  | N  | N  | N  | N  |
===============================================================================

Inferred memory devices in process
        in routine ISP line 553 in file
                '../01_RTL/ISP.v'.
===============================================================================
|    Register Name    |   Type    | Width | Bus | MB | AR | AS | SR | SS | ST |
===============================================================================
|    G_xy_reg3_reg    | Flip-flop |  12   |  Y  | N  | Y  | N  | N  | N  | N  |
===============================================================================

Inferred memory devices in process
        in routine ISP line 575 in file
                '../01_RTL/ISP.v'.
===============================================================================
|    Register Name    |   Type    | Width | Bus | MB | AR | AS | SR | SS | ST |
===============================================================================
|    dpc_win_y_reg    | Flip-flop |   4   |  Y  | N  | Y  | N  | N  | N  | N  |
|    dpc_win_x_reg    | Flip-flop |   4   |  Y  | N  | Y  | N  | N  | N  | N  |
===============================================================================

Inferred memory devices in process
        in routine ISP line 592 in file
                '../01_RTL/ISP.v'.
===============================================================================
|    Register Name    |   Type    | Width | Bus | MB | AR | AS | SR | SS | ST |
===============================================================================
|   demos_win_y_reg   | Flip-flop |   4   |  Y  | N  | Y  | N  | N  | N  | N  |
|   demos_win_x_reg   | Flip-flop |   4   |  Y  | N  | Y  | N  | N  | N  | N  |
===============================================================================

Inferred memory devices in process
        in routine ISP line 623 in file
                '../01_RTL/ISP.v'.
===============================================================================
|    Register Name    |   Type    | Width | Bus | MB | AR | AS | SR | SS | ST |
===============================================================================
|    pixel_buf_reg    | Flip-flop | 3216  |  Y  | N  | Y  | N  | N  | N  | N  |
===============================================================================

Inferred memory devices in process
        in routine ISP line 798 in file
                '../01_RTL/ISP.v'.
===============================================================================
|    Register Name    |   Type    | Width | Bus | MB | AR | AS | SR | SS | ST |
===============================================================================
|    demos_buf_reg    | Flip-flop |  420  |  Y  | N  | Y  | N  | N  | N  | N  |
===============================================================================

Inferred memory devices in process
        in routine ISP line 932 in file
                '../01_RTL/ISP.v'.
===============================================================================
|    Register Name    |   Type    | Width | Bus | MB | AR | AS | SR | SS | ST |
===============================================================================
|      b_out_reg      | Flip-flop |  12   |  Y  | N  | Y  | N  | N  | N  | N  |
|      r_out_reg      | Flip-flop |  12   |  Y  | N  | Y  | N  | N  | N  | N  |
|      g_out_reg      | Flip-flop |  12   |  Y  | N  | Y  | N  | N  | N  | N  |
===============================================================================
Statistics for MUX_OPs
======================================================
| block name/line  | Inputs | Outputs | # sel inputs |
======================================================
|     ISP/468      |   4    |   432   |      2       |
======================================================
Warning:  ../01_RTL/ISP.v:610: Netlist for always block is empty. (ELAB-985)
Presto compilation completed successfully. (ISP)
Elaborated 1 design.
Current design is now 'ISP'.
Information: Building the design 'Counter' instantiated from design 'ISP' with
        the parameters "N=8,latency=256". (HDL-193)

Inferred memory devices in process
        in routine Counter_N8_latency256 line 52 in file
                '../01_RTL/ISP.v'.
===============================================================================
|    Register Name    |   Type    | Width | Bus | MB | AR | AS | SR | SS | ST |
===============================================================================
|      count_reg      | Flip-flop |   8   |  Y  | N  | Y  | N  | N  | N  | N  |
===============================================================================
Presto compilation completed successfully. (Counter_N8_latency256)
Information: Building the design 'BLC'. (HDL-193)
Warning:  ../01_RTL/ISP.v:109: DEFAULT branch of CASE statement cannot be reached. (ELAB-311)

Statistics for case statements in always block at line 108 in file
        '../01_RTL/ISP.v'
===============================================
|           Line           |  full/ parallel  |
===============================================
|           109            |    auto/auto     |
===============================================
Presto compilation completed successfully. (BLC)
Information: Building the design 'LSC_weight_calc'. (HDL-193)
Warning:  ../01_RTL/ISP.v:75: DEFAULT branch of CASE statement cannot be reached. (ELAB-311)

Statistics for case statements in always block at line 74 in file
        '../01_RTL/ISP.v'
===============================================
|           Line           |  full/ parallel  |
===============================================
|            75            |    auto/auto     |
===============================================
Presto compilation completed successfully. (LSC_weight_calc)
Information: Building the design 'Coor2WinBounds'. (HDL-193)

Statistics for case statements in always block at line 129 in file
        '../01_RTL/ISP.v'
===============================================
|           Line           |  full/ parallel  |
===============================================
|           130            |    auto/auto     |
===============================================
Presto compilation completed successfully. (Coor2WinBounds)
Information: Building the design 'Sorter4'. (HDL-193)
Presto compilation completed successfully. (Sorter4)
Information: Building the design 'DemosMod'. (HDL-193)
Warning:  ../01_RTL/ISP.v:232: DEFAULT branch of CASE statement cannot be reached. (ELAB-311)

Statistics for case statements in always block at line 231 in file
        '../01_RTL/ISP.v'
===============================================
|           Line           |  full/ parallel  |
===============================================
|           232            |    auto/auto     |
===============================================
Presto compilation completed successfully. (DemosMod)
Information: Building the design 'CAS12'. (HDL-193)
Presto compilation completed successfully. (CAS12)
1
# (B-2) read_sverilog
#read_sverilog $DESIGN\.v
# (B-3) set current design
current_design $DESIGN
Current design is 'ISP'.
{ISP}
link

  Linking design 'ISP'
  Using the following designs and libraries:
  --------------------------------------------------------------------------
  * (8 designs)               /RAID2/COURSE/2026_Spring/iclab/iclab067/SPRING2026_LAB02/02_SYN/ISP.db, etc
  slow (library)              /RAID2/COURSE/BackUp/2023_Spring/iclab/iclabta01/umc018/Synthesis/slow.db
  dw_foundation.sldb (library) /usr/cad/synopsys/synthesis/cur/libraries/syn/dw_foundation.sldb

1
#======================================================
#  (C) Global Setting
#======================================================
#set_wire_load_mode top
#set_operating_conditions -max WCCOM -min BCCOM
#set_wire_load_model -name umc18_wl10 -library slow
#======================================================
#  (D) Set Design Constraints
#======================================================
# (D-1) Setting Clock Constraints
create_clock -name clk -period $CYCLE [get_ports clk] 
1
set_dont_touch_network             [get_clocks clk]
1
set_fix_hold                       [get_clocks clk]
1
set_clock_uncertainty       0.1    [get_clocks clk]
1
# set_clock_latency   -source 0      [get_clocks clk]
# set_clock_latency           1      [get_clocks clk] 
set_input_transition        0.5    [all_inputs] 
1
set_clock_transition        0.1    [all_clocks] 
1
# (D-2) Setting in/out Constraints
set_input_delay   -max  $INPUT_DLY  -clock clk   [all_inputs] ;  # set_up time check 
1
set_input_delay   -min  0           -clock clk   [all_inputs] ;  # hold   time check 
1
set_output_delay  -max  $OUTPUT_DLY -clock clk   [all_outputs] ; # set_up time check 
1
set_output_delay  -min  0           -clock clk   [all_outputs] ; # hold   time check 
1
set_input_delay 0 -clock clk clk
1
set_input_delay 0 -clock clk rst_n
1
#set_max_delay $CYCLE -from [all_inputs] -to [all_outputs]
# (D-3) Setting Design Environment
# set_driving_cell -library umc18io3v5v_slow -lib_cell P2C    -pin {Y}  [get_ports clk]
# set_driving_cell -library umc18io3v5v_slow -lib_cell P2C    -pin {Y}  [remove_from_collection [all_inputs] [get_ports clk]]
# set_load  [load_of "umc18io3v5v_slow/P8C/A"]       [all_outputs] ; # ~= 0.038
set_load 0.05 [all_outputs]
1
# (D-4) Setting DRC Constraint
#set_max_delay           0     ; # Optimize delay max effort                 
#set_max_area            0      ; # Optimize area max effort           
set_max_transition      3       [all_inputs]   ; # U18 LUT Max Transition Value  
1
set_max_capacitance     0.15    [all_inputs]   ; # U18 LUT Max Capacitance Value
1
set_max_fanout          10      [all_inputs]
1
# set_dont_use slow/JKFF*
#set_dont_touch [get_cells core_reg_macro]
#set hdlin_ff_always_sync_set_reset true
# (D-5) Report Clock skew
report_clock -skew clk
Information: Checking out the license 'DesignWare'. (SEC-104)
Information: Updating design information... (UID-85)
Warning: Design 'ISP' contains 6 high-fanout nets. A fanout number of 1000 will be used for delay calculations involving these nets. (TIM-134)
 
****************************************
Report : clock_skew
Design : ISP
Version: T-2022.03
Date   : Sun Mar 15 00:19:13 2026
****************************************

                 Rise      Fall  Min Rise  Min fall        Uncertainty
Object          Delay     Delay     Delay     Delay     Plus      Minus
--------------------------------------------------------------------------------
clk                 -         -         -         -      0.10      0.10

                 Max Transition      Min Transition
Object           Rise      Fall      Rise      Fall
-------------------------------------------------------
clk              0.10      0.10      0.10      0.10
1
check_timing

Information: Checking generated_clocks...

Information: Checking loops...

Information: Checking no_input_delay...

Information: Checking unconstrained_endpoints...

Information: Checking pulse_clock_cell_type...

Information: Checking no_driving_cell...

Information: Checking partial_input_delay...
1
#======================================================
#  (E) Optimization
#======================================================
check_design > Report/$DESIGN\.check
set_fix_multiple_port_nets -all -buffer_constants [get_designs *]
1
set_fix_hold [all_clocks]
1
compile_ultra
Information: Performing power optimization. (PWR-850)
Alib files are up-to-date.
Information: Running optimization using a maximum of 4 cores. (OPT-1500)
Information: Evaluating DesignWare library utilization. (UISN-27)

============================================================================
| DesignWare Building Block Library  |         Version         | Available |
============================================================================
| Basic DW Building Blocks           | S-2021.06-DWBB_202106.0 |     *     |
| Licensed DW Building Blocks        | S-2021.06-DWBB_202106.0 |     *     |
============================================================================

====================================================================================================
| Flow Information                                                                                 |
----------------------------------------------------------------------------------------------------
| Flow         | Design Compiler NXT WLM                                                           |
| Comand line  | compile_ultra                                                                     |
====================================================================================================
| Design Information                                      | Value                                  |
====================================================================================================
| Number of Scenarios                                     | 0                                      |
| Leaf Cell Count                                         | 11610                                  |
| Number of User Hierarchies                              | 31                                     |
| Sequential Cell Count                                   | 5849                                   |
| Macro Count                                             | 0                                      |
| Number of Power Domains                                 | 0                                      |
| Number of Path Groups                                   | 2                                      |
| Number of VT class                                      | 0                                      |
| Number of Clocks                                        | 1                                      |
| Number of Dont Touch cells                              | 1380                                   |
| Number of Dont Touch nets                               | 2                                      |
| Number of size only cells                               | 0                                      |
| Design with UPF Data                                    | false                                  |
----------------------------------------------------------------------------------------------------
| Variables                                               | Value                                  |
----------------------------------------------------------------------------------------------------
| set_fix_multiple_port_nets                              | -all -buffer_constants                 |
====================================================================================================
Information: Sequential output inversion is enabled.  SVF file must be used for formal verification. (OPT-1208)

Information: There are 330 potential problems in your design. Please run 'check_design' for more information. (LINT-99)

Information: Uniquified 2 instances of design 'LSC_weight_calc'. (OPT-1056)
Information: Uniquified 2 instances of design 'Coor2WinBounds'. (OPT-1056)
Information: Uniquified 4 instances of design 'Sorter4'. (OPT-1056)
Information: Uniquified 20 instances of design 'CAS12'. (OPT-1056)
  Simplifying Design 'ISP'

Loaded alib file './alib-52/slow.db.alib'
  Building model 'DW01_NAND2'
Information: Ungrouping hierarchy counter before Pass 1 (OPT-776)
Information: Ungrouping hierarchy blc before Pass 1 (OPT-776)
Information: Ungrouping hierarchy LUT_x before Pass 1 (OPT-776)
Information: Ungrouping hierarchy win_bound_x before Pass 1 (OPT-776)
Information: Ungrouping hierarchy sort_h before Pass 1 (OPT-776)
Information: Ungrouping hierarchy demod before Pass 1 (OPT-776)
Information: Ungrouping hierarchy LUT_y before Pass 1 (OPT-776)
Information: Ungrouping hierarchy win_bound_y before Pass 1 (OPT-776)
Information: Ungrouping hierarchy sort_d2 before Pass 1 (OPT-776)
Information: Ungrouping hierarchy sort_d1 before Pass 1 (OPT-776)
Information: Ungrouping hierarchy sort_v before Pass 1 (OPT-776)
Information: Ungrouping hierarchy sort_h/cas01 before Pass 1 (OPT-776)
Information: Ungrouping hierarchy sort_d2/cas12 before Pass 1 (OPT-776)
Information: Ungrouping hierarchy sort_d2/cas13 before Pass 1 (OPT-776)
Information: Ungrouping hierarchy sort_d2/cas02 before Pass 1 (OPT-776)
Information: Ungrouping hierarchy sort_d2/cas23 before Pass 1 (OPT-776)
Information: Ungrouping hierarchy sort_d2/cas01 before Pass 1 (OPT-776)
Information: Ungrouping hierarchy sort_d1/cas12 before Pass 1 (OPT-776)
Information: Ungrouping hierarchy sort_d1/cas13 before Pass 1 (OPT-776)
Information: Ungrouping hierarchy sort_d1/cas02 before Pass 1 (OPT-776)
Information: Ungrouping hierarchy sort_d1/cas23 before Pass 1 (OPT-776)
Information: Ungrouping hierarchy sort_d1/cas01 before Pass 1 (OPT-776)
Information: Ungrouping hierarchy sort_v/cas12 before Pass 1 (OPT-776)
Information: Ungrouping hierarchy sort_v/cas13 before Pass 1 (OPT-776)
Information: Ungrouping hierarchy sort_v/cas02 before Pass 1 (OPT-776)
Information: Ungrouping hierarchy sort_v/cas23 before Pass 1 (OPT-776)
Information: Ungrouping hierarchy sort_v/cas01 before Pass 1 (OPT-776)
Information: Ungrouping hierarchy sort_h/cas12 before Pass 1 (OPT-776)
Information: Ungrouping hierarchy sort_h/cas13 before Pass 1 (OPT-776)
Information: Ungrouping hierarchy sort_h/cas02 before Pass 1 (OPT-776)
Information: Ungrouping hierarchy sort_h/cas23 before Pass 1 (OPT-776)
Information: Ungrouping 31 of 32 hierarchies before Pass 1 (OPT-775)
Information: State dependent leakage is now switched from on to off.

  Beginning Pass 1 Mapping
  ------------------------
  Processing 'ISP'
Information: Added key list 'DesignWare' to design 'ISP'. (DDB-72)
 Implement Synthetic for 'ISP'.

  Updating timing information
Information: Updating design information... (UID-85)
Information: The library cell 'HOLDX1' in the library 'slow' is not characterized for internal power. (PWR-536)
Information: The target library(s) contains cell(s), other than black boxes, that are not characterized for internal power. (PWR-24)

  Beginning Mapping Optimizations  (Ultra High effort)
  -------------------------------
  Mapping Optimization (Phase 1)
  Mapping Optimization (Phase 2)
  Mapping Optimization (Phase 3)
  Mapping Optimization (Phase 4)
  Mapping Optimization (Phase 5)
  Mapping Optimization (Phase 6)
  Mapping Optimization (Phase 7)
  Mapping Optimization (Phase 8)
  Mapping Optimization (Phase 9)
  Mapping Optimization (Phase 10)
  Mapping Optimization (Phase 11)
  Mapping Optimization (Phase 12)
  Mapping Optimization (Phase 13)
  Mapping Optimization (Phase 14)
  Mapping Optimization (Phase 15)
  Mapping Optimization (Phase 16)
  Mapping Optimization (Phase 17)
  Mapping Optimization (Phase 18)
  Mapping Optimization (Phase 19)
  Mapping Optimization (Phase 20)
Information: In design 'ISP', the register 'ixdy2_reg[0]' is removed because it is merged to 'dxiy2_reg[0]'. (OPT-1215)
Information: In design 'ISP', the register 'dxdy2_reg[0]' is removed because it is merged to 'dxiy2_reg[0]'. (OPT-1215)
Information: In design 'ISP', the register 'dxiy2_reg[2]' is removed because it is merged to 'dxiy2_reg[1]'. (OPT-1215)
Information: In design 'ISP', the register 'ixdy2_reg[1]' is removed because it is merged to 'dxiy2_reg[1]'. (OPT-1215)
Information: In design 'ISP', the register 'ixdy2_reg[2]' is removed because it is merged to 'dxiy2_reg[1]'. (OPT-1215)
Information: In design 'ISP', the register 'dxdy2_reg[3]' is removed because it is merged to 'dxiy2_reg[1]'. (OPT-1215)
Information: In design 'ISP', the register 'ixdy2_reg[3]' is removed because it is merged to 'dxiy2_reg[3]'. (OPT-1215)
Information: In design 'ISP', the register 'dxdy2_reg[1]' is removed because it is merged to 'dxiy2_reg[3]'. (OPT-1215)
Information: In design 'ISP', the register 'dxdy2_reg[2]' is removed because it is merged to 'dxiy2_reg[3]'. (OPT-1215)

                                  TOTAL                                                            
   ELAPSED            WORST NEG   SETUP    DESIGN                              LEAKAGE   MIN DELAY 
    TIME      AREA      SLACK     COST    RULE COST         ENDPOINT            POWER      COST    
  --------- --------- --------- --------- --------- ------------------------- --------- -----------
    0:02:01 1251508.1      2.61      33.3       3.4                           177657984.0000      0.00  
    0:02:01 1241632.0      3.58      45.0       0.0                           176138128.0000      0.00  

  Beginning Constant Register Removal
  -----------------------------------
    0:02:02 1242926.0      3.58      44.6       0.0                           176449408.0000      0.00  
    0:02:02 1241622.1      3.58      44.6       0.0                           176227232.0000      0.00  

  Beginning Global Optimizations
  ------------------------------
  Numerical Synthesis (Phase 1)
  Numerical Synthesis (Phase 2)
  Global Optimization (Phase 1)
  Global Optimization (Phase 2)
  Global Optimization (Phase 3)
  Global Optimization (Phase 4)
  Global Optimization (Phase 5)
  Global Optimization (Phase 6)
  Global Optimization (Phase 7)
  Global Optimization (Phase 8)
  Global Optimization (Phase 9)
  Global Optimization (Phase 10)
  Global Optimization (Phase 11)
  Global Optimization (Phase 12)
  Global Optimization (Phase 13)
  Global Optimization (Phase 14)
  Global Optimization (Phase 15)
  Global Optimization (Phase 16)
  Global Optimization (Phase 17)
  Global Optimization (Phase 18)
  Global Optimization (Phase 19)
  Global Optimization (Phase 20)
  Global Optimization (Phase 21)
  Global Optimization (Phase 22)
  Global Optimization (Phase 23)
  Global Optimization (Phase 24)
  Global Optimization (Phase 25)
  Global Optimization (Phase 26)
  Global Optimization (Phase 27)
  Global Optimization (Phase 28)
  Global Optimization (Phase 29)
  Global Optimization (Phase 30)
  Global Optimization (Phase 31)
  Mapping 'ISP_DP_OP_4975J1_124_5219_6'
  Mapping 'ISP_DP_OP_4930_147_3061_4'

  Beginning Isolate Ports
  -----------------------

  Beginning Delay Optimization
  ----------------------------
    0:02:10  780606.3      3.76      46.4     174.1                           65186592.0000      0.00  
    0:02:18  791919.4      1.37      17.7     174.1                           67682632.0000      0.00  
    0:02:18  791919.4      1.37      17.7     174.1                           67682632.0000      0.00  
    0:02:20  781125.2      1.37      17.7     174.1                           67384760.0000      0.00  
Information: The register 'ixiy2_reg[17]' is a constant and will be removed. (OPT-1206)
    0:02:24  779062.8      1.37      17.7     174.1                           67185512.0000      0.00  
    0:02:25  778148.1      1.76      22.4     174.1                           67089052.0000      0.00  

  Beginning WLM Backend Optimization
  --------------------------------------
Information: In design 'ISP', the register 'dxdy2_reg[4]' is removed because it is merged to 'dxiy2_reg[1]'. (OPT-1215)
Information: In design 'ISP', the register 'dxiy2_reg[4]' is removed because it is merged to 'dxiy2_reg[3]'. (OPT-1215)
Information: In design 'ISP', the register 'ixdy2_reg[4]' is removed because it is merged to 'dxiy2_reg[3]'. (OPT-1215)
    0:02:33  771811.3      1.75      22.3     139.9                           66187892.0000      0.00  
    0:02:34  767643.3      1.75      23.7      92.9                           65550912.0000      0.00  
    0:02:35  767620.0      1.37      19.1      92.9                           65560008.0000      0.00  
    0:02:35  767620.0      1.37      19.1      92.9                           65560008.0000      0.00  
    0:02:37  766678.7      1.37      17.6      14.9                           63784044.0000      0.00  
    0:02:37  766678.7      1.37      17.6      14.9                           63784044.0000      0.00  
    0:02:51  792415.0      1.34      17.2      14.9                           68476280.0000      0.00  
    0:02:52  792415.0      1.34      17.2      14.9                           68476280.0000      0.00  
    0:02:52  793439.5      1.28      16.5      14.9                           68698376.0000      0.00  
    0:02:52  793439.5      1.28      16.5      14.9                           68698376.0000      0.00  
    0:03:09  817193.4      1.23      15.9      14.9                           72897192.0000      0.00  
    0:03:09  817193.4      1.23      15.9      14.9                           72897192.0000      0.00  
    0:03:27  831440.3      0.64       7.9      14.9                           75752952.0000      0.00  
    0:03:27  831440.3      0.64       7.9      14.9                           75752952.0000      0.00  
    0:03:30  832295.2      0.58       7.2      14.9                           75885480.0000      0.00  
    0:03:30  832295.2      0.58       7.2      14.9                           75885480.0000      0.00  
    0:03:40  837574.2      0.44       5.6      14.9                           76855192.0000      0.00  
    0:03:40  837574.2      0.44       5.6      14.9                           76855192.0000      0.00  
    0:03:44  839470.3      0.45       5.6      14.9                           77201096.0000      0.00  
    0:03:44  839470.3      0.45       5.6      14.9                           77201096.0000      0.00  
    0:03:55  843738.0      0.36       4.5      14.9                           77997112.0000      0.00  
    0:03:55  843738.0      0.36       4.5      14.9                           77997112.0000      0.00  
    0:03:58  844040.7      0.36       4.5      14.9                           78034032.0000      0.00  


  Beginning Design Rule Fixing  (max_transition)
  ----------------------------

                                  TOTAL                                                            
   ELAPSED            WORST NEG   SETUP    DESIGN                              LEAKAGE   MIN DELAY 
    TIME      AREA      SLACK     COST    RULE COST         ENDPOINT            POWER      COST    
  --------- --------- --------- --------- --------- ------------------------- --------- -----------
    0:03:58  844040.7      0.36       4.5      14.9                           78034032.0000      0.00  
  Global Optimization (Phase 32)
  Global Optimization (Phase 33)
  Global Optimization (Phase 34)
    0:03:59  843791.3      0.34       4.4       0.0 demos_buf_reg[0][11]/D    77973920.0000      0.00  
    0:03:59  843136.0      0.33       4.2       0.0                           77837056.0000      0.00  
    0:04:03  844596.3      0.34       4.3       0.0                           78104504.0000      0.00  


  Beginning Leakage Power Optimization  (max_leakage_power 0)
  ------------------------------------

                                  TOTAL                                                            
   ELAPSED            WORST NEG   SETUP    DESIGN                              LEAKAGE   MIN DELAY 
    TIME      AREA      SLACK     COST    RULE COST         ENDPOINT            POWER      COST    
  --------- --------- --------- --------- --------- ------------------------- --------- -----------
    0:04:03  844596.3      0.34       4.3       0.0                           78104504.0000      0.00  
  Global Optimization (Phase 35)
  Global Optimization (Phase 36)
  Global Optimization (Phase 37)
  Global Optimization (Phase 38)
  Global Optimization (Phase 39)
  Global Optimization (Phase 40)
  Global Optimization (Phase 41)
  Global Optimization (Phase 42)
  Global Optimization (Phase 43)
  Global Optimization (Phase 44)
  Global Optimization (Phase 45)
  Global Optimization (Phase 46)
  Global Optimization (Phase 47)
  Global Optimization (Phase 48)
  Global Optimization (Phase 49)
  Global Optimization (Phase 50)
    0:04:21  825406.3      0.39       7.1       0.0                           73974928.0000      0.00  
    0:04:28  832002.5      0.38       7.0       0.0                           75139848.0000      0.00  
    0:04:28  832002.5      0.38       7.0       0.0                           75139848.0000      0.00  
    0:04:29  823051.2      0.38       6.6       0.0                           73003048.0000      0.00  
    0:04:29  823051.2      0.38       6.6       0.0                           73003048.0000      0.00  
    0:04:35  824790.9      0.37       6.5       0.0                           73297376.0000      0.00  
    0:04:35  824790.9      0.37       6.5       0.0                           73297376.0000      0.00  
    0:04:35  824997.1      0.36       6.4       0.0                           73341608.0000      0.00  
    0:04:35  824997.1      0.36       6.4       0.0                           73341608.0000      0.00  
    0:04:42  827721.4      0.37       6.5       0.0                           73805760.0000      0.00  
    0:04:42  827721.4      0.37       6.5       0.0                           73805760.0000      0.00  
    0:04:52  832877.3      0.24       4.7      10.8                           74787720.0000      0.00  
    0:04:52  832877.3      0.24       4.7      10.8                           74787720.0000      0.00  
    0:04:56  833299.8      0.24       4.7      10.8                           74836952.0000      0.00  
    0:04:56  833299.8      0.24       4.7      10.8                           74836952.0000      0.00  
    0:05:00  834610.4      0.22       4.5      28.5                           75103624.0000      0.00  
    0:05:00  834610.4      0.22       4.5      28.5                           75103624.0000      0.00  
    0:05:01  834633.7      0.22       4.4      28.5                           75107088.0000      0.00  
    0:05:01  834633.7      0.22       4.4      28.5                           75107088.0000      0.00  
    0:05:08  836163.8      0.19       4.0      29.7                           75415672.0000      0.00  
    0:05:08  836163.8      0.19       4.0      29.7                           75415672.0000      0.00  
    0:05:11  836416.6      0.19       4.1      29.7                           75452824.0000      0.00  

                                  TOTAL                                                            
   ELAPSED            WORST NEG   SETUP    DESIGN                              LEAKAGE   MIN DELAY 
    TIME      AREA      SLACK     COST    RULE COST         ENDPOINT            POWER      COST    
  --------- --------- --------- --------- --------- ------------------------- --------- -----------
    0:05:12  836416.6      0.19       4.1      29.7                           75452824.0000      0.00  
    0:05:15  821417.9      0.20       2.4      25.5                           72883248.0000      0.00  
    0:05:17  820855.7      0.15       1.8      25.5                           72748464.0000      0.00  
    0:05:17  820456.6      0.15       1.8      25.5                           72707520.0000      0.00  
    0:05:17  820037.4      0.15       1.8      25.5                           72653648.0000      0.00  
    0:05:17  820037.4      0.15       1.8      25.5                           72653648.0000      0.00  
    0:05:18  818956.4      0.16       1.9      25.5                           72294152.0000      0.00  
    0:05:24  817619.2      0.15       1.8      17.5                           71973528.0000      0.00  
    0:05:25  817492.7      0.15       1.8       0.0 demos_buf_reg[0][11]/D    71922160.0000      0.00  
    0:05:26  817712.3      0.12       1.5      14.6 demos_buf_reg[0][0]/D     71956400.0000      0.00  
    0:05:27  817911.9      0.11       1.4      14.6 demos_buf_reg[0][0]/D     71976704.0000      0.00  
    0:05:28  818221.2      0.10       1.3      14.6 demos_buf_reg[0][0]/D     72003840.0000      0.00  
    0:05:28  818490.7      0.09       1.1      14.6 demos_buf_reg[0][0]/D     72061640.0000      0.00  
    0:05:29  818603.8      0.09       1.0      14.6 demos_buf_reg[0][0]/D     72090192.0000      0.00  
    0:05:30  818746.8      0.08       1.0      14.6 demos_buf_reg[0][0]/D     72110456.0000      0.00  
    0:05:30  818746.8      0.08       0.9      14.6 demos_buf_reg[0][0]/D     72102992.0000      0.00  
    0:05:31  818896.5      0.07       0.8      14.6 demos_buf_reg[0][4]/D     72138392.0000      0.00  
    0:05:32  818886.5      0.07       0.8      10.1 demos_buf_reg[0][0]/D     72132120.0000      0.00  
    0:05:33  818979.6      0.07       0.8      10.1 demos_buf_reg[0][0]/D     72136240.0000      0.00  
    0:05:33  819215.8      0.06       0.7      10.1 demos_buf_reg[0][0]/D     72174192.0000      0.00  
    0:05:34  819395.4      0.06       0.7      10.1 demos_buf_reg[0][0]/D     72200112.0000      0.00  
    0:05:35  819481.9      0.06       0.7      10.1 demos_buf_reg[0][0]/D     72193664.0000      0.00  
    0:05:35  819535.2      0.05       0.6      10.1 demos_buf_reg[0][0]/D     72192984.0000      0.00  
    0:05:36  819511.9      0.05       0.6      10.1 demos_buf_reg[0][0]/D     72182328.0000      0.00  
    0:05:36  819485.3      0.05       0.5      10.1 demos_buf_reg[0][0]/D     72172912.0000      0.00  
    0:05:37  819475.3      0.04       0.5      10.1 demos_buf_reg[0][0]/D     72168792.0000      0.00  
    0:05:38  819668.2      0.04       0.4      10.1 demos_buf_reg[0][0]/D     72176704.0000      0.00  
    0:05:38  819704.8      0.03       0.4      10.1 demos_buf_reg[0][0]/D     72177232.0000      0.00  
    0:05:39  819778.0      0.03       0.4      10.1 demos_buf_reg[0][0]/D     72175984.0000      0.00  
    0:05:39  819744.7      0.03       0.3      10.1 demos_buf_reg[0][0]/D     72159040.0000      0.00  
    0:05:40  819797.9      0.02       0.3      10.1 demos_buf_reg[0][0]/D     72158248.0000      0.00  
    0:05:40  819867.8      0.02       0.2      10.1 demos_buf_reg[0][0]/D     72164152.0000      0.00  
    0:05:41  819897.7      0.02       0.2      10.1 demos_buf_reg[0][0]/D     72161144.0000      0.00  
    0:05:42  819944.3      0.01       0.2      10.1 demos_buf_reg[0][0]/D     72165016.0000      0.00  
    0:05:42  820070.7      0.01       0.1      10.1 demos_buf_reg[0][0]/D     72169440.0000      0.00  
    0:05:43  820157.2      0.00       0.1      10.1 demos_buf_reg[0][0]/D     72188784.0000      0.00  
    0:05:43  820173.8      0.00       0.0      10.1 demos_buf_reg[0][0]/D     72192208.0000      0.00  
    0:05:44  820137.2      0.00       0.0       0.0                           72190248.0000      0.00  
    0:05:44  820137.2      0.00       0.0       0.0                           72190248.0000      0.00  
    0:05:44  820137.2      0.00       0.0       0.0                           72190248.0000      0.00  
    0:05:44  820137.2      0.00       0.0       0.0                           72190248.0000      0.00  
    0:05:44  820137.2      0.00       0.0       0.0                           72190248.0000      0.00  
    0:05:44  820137.2      0.00       0.0       0.0                           72190248.0000      0.00  
    0:05:47  810647.0      0.00       0.0       0.0                           70540496.0000      0.00  
Loading db file '/RAID2/COURSE/BackUp/2023_Spring/iclab/iclabta01/umc018/Synthesis/slow.db'


Note: Symbol # after min delay cost means estimated hold TNS across all active scenarios 


  Optimization Complete
  ---------------------
Warning: Design 'ISP' contains 1 high-fanout nets. A fanout number of 1000 will be used for delay calculations involving these nets. (TIM-134)
     Net 'clk': 5836 load(s), 1 driver(s)
Information: State dependent leakage is now switched from off to on.
Information: Propagating switching activity (low effort zero delay simulation). (PWR-6)
1
#uniquify
#compile
#======================================================
#  (F) Output Reports 
#======================================================
report_design  >  Report/$DESIGN\.design
report_resource >  Report/$DESIGN\.resource
report_timing -max_paths 3 >  Report/$DESIGN\.timing
report_area >  Report/$DESIGN\.area
report_power > Report/$DESIGN\.power
report_clock > Report/$DESIGN\.clock
report_port >  Report/$DESIGN\.port
report_power >  Report/$DESIGN\.power
#report_reference > Report/$DESIGN\.reference
#======================================================
#  (G) Change Naming Rule
#======================================================
set bus_inference_style "%s\[%d\]"
%s[%d]
set bus_naming_style "%s\[%d\]"
%s[%d]
set hdlout_internal_busses true
true
change_names -hierarchy -rule verilog
1
define_name_rules name_rule -allowed "a-z A-Z 0-9 _" -max_length 255 -type cell
1
define_name_rules name_rule -allowed "a-z A-Z 0-9 _[]" -max_length 255 -type net
1
define_name_rules name_rule -map {{"\\*cell\\*" "cell"}}
1
define_name_rules name_rule -case_insensitive
1
change_names -hierarchy -rules name_rule
1
#======================================================
#  (H) Output Results
#======================================================
set verilogout_higher_designs_first true
true
write -format verilog -output Netlist/$DESIGN\_SYN.v -hierarchy
Writing verilog file '/RAID2/COURSE/2026_Spring/iclab/iclab067/SPRING2026_LAB02/02_SYN/Netlist/ISP_SYN.v'.
1
write -format ddc     -hierarchy -output $DESIGN\_SYN.ddc
Writing ddc file 'ISP_SYN.ddc'.
1
write_sdf -version 3.0 -context verilog -load_delay cell Netlist/$DESIGN\_SYN.sdf -significant_digits 6
Information: Writing timing information to file '/RAID2/COURSE/2026_Spring/iclab/iclab067/SPRING2026_LAB02/02_SYN/Netlist/ISP_SYN.sdf'. (WT-3)
1
write_sdc Netlist/$DESIGN\_SYN.sdc
1
#======================================================
#  (I) Finish and Quit
#======================================================
report_area
 
****************************************
Report : area
Design : ISP
Version: T-2022.03
Date   : Sun Mar 15 00:25:06 2026
****************************************

Library(s) Used:

    slow (File: /RAID2/COURSE/BackUp/2023_Spring/iclab/iclabta01/umc018/Synthesis/slow.db)

Number of ports:                           65
Number of nets:                         26354
Number of cells:                        23417
Number of combinational cells:          17581
Number of sequential cells:              5836
Number of macros/black boxes:               0
Number of buf/inv:                       3215
Number of references:                     156

Combinational area:             396011.252319
Buf/Inv area:                    39570.855306
Noncombinational area:          414635.764938
Macro/Black Box area:                0.000000
Net Interconnect area:      undefined  (No wire load specified)

Total cell area:                810647.017258
Total area:                 undefined
1
report_timing 
 
****************************************
Report : timing
        -path full
        -delay max
        -max_paths 1
Design : ISP
Version: T-2022.03
Date   : Sun Mar 15 00:25:06 2026
****************************************

 # A fanout number of 1000 was used for high fanout net computations.

Operating Conditions: slow   Library: slow
Wire Load Model Mode: top

  Startpoint: dpc_win_y_reg_2_
              (rising edge-triggered flip-flop clocked by clk)
  Endpoint: demos_buf_reg_0__0_
            (rising edge-triggered flip-flop clocked by clk)
  Path Group: clk
  Path Type: max

  Point                                                   Incr       Path
  --------------------------------------------------------------------------
  clock clk (rise edge)                                   0.00       0.00
  clock network delay (ideal)                             0.00       0.00
  dpc_win_y_reg_2_/CK (DFFRHQX4)                          0.00 #     0.00 r
  dpc_win_y_reg_2_/Q (DFFRHQX4)                           0.38       0.38 r
  U11923/Y (NAND2X4)                                      0.11       0.50 f
  U11922/Y (NOR2X4)                                       0.13       0.62 r
  U13120/Y (INVX4)                                        0.08       0.71 f
  U19032/Y (NAND2X4)                                      0.18       0.88 r
  U13335/Y (BUFX12)                                       0.19       1.07 r
  U17347/Y (NOR2X4)                                       0.08       1.16 f
  U17346/Y (NOR2X4)                                       0.14       1.30 r
  U11893/Y (NAND2X4)                                      0.09       1.39 f
  U11892/Y (NAND2X4)                                      0.08       1.47 r
  U11430/Y (NAND2X2)                                      0.07       1.53 f
  U18305/Y (NAND4X2)                                      0.10       1.63 r
  U17474/Y (NAND4X2)                                      0.11       1.74 f
  U12107/Y (INVX2)                                        0.11       1.85 r
  U11748/Y (NAND2X4)                                      0.07       1.93 f
  U18022/Y (NAND2X4)                                      0.12       2.05 r
  U18094/Y (BUFX20)                                       0.19       2.24 r
  U14647/Y (MXI2X2)                                       0.20       2.44 f
  U13415/Y (AOI2BB2X4)                                    0.24       2.68 f
  U20038/Y (NAND3X1)                                      0.13       2.80 r
  U12206/Y (OAI2BB1X4)                                    0.23       3.03 r
  U12205/Y (NAND3X4)                                      0.16       3.20 f
  U18908/Y (BUFX8)                                        0.19       3.38 f
  U18270/Y (MXI2X4)                                       0.14       3.53 f
  U17528/Y (NAND3X2)                                      0.13       3.66 r
  U20055/Y (OAI211X1)                                     0.14       3.80 f
  U18491/Y (NAND3X2)                                      0.13       3.93 r
  U12413/Y (NAND4X2)                                      0.16       4.09 f
  U13270/Y (NAND2X4)                                      0.16       4.24 r
  U13269/Y (BUFX12)                                       0.18       4.42 r
  U20072/Y (MXI2X4)                                       0.20       4.62 f
  U17727/Y (BUFX8)                                        0.20       4.82 f
  U18514/S (ADDFHX4)                                      0.39       5.21 f
  U18671/Y (NOR2X4)                                       0.11       5.32 r
  U10533/Y (INVX3)                                        0.07       5.39 f
  U12072/Y (NAND3X4)                                      0.12       5.51 r
  U12071/Y (NAND2X4)                                      0.10       5.61 f
  U12588/Y (NAND2BX4)                                     0.10       5.70 r
  U12821/Y (NAND2X4)                                      0.12       5.82 f
  U12545/Y (NAND2X4)                                      0.10       5.92 r
  U8322/Y (NAND2X2)                                       0.07       5.99 f
  U8284/Y (NAND2X2)                                       0.09       6.08 r
  U8254/Y (NAND2X2)                                       0.09       6.17 f
  U18963/Y (NAND2X4)                                      0.08       6.25 r
  U18759/Y (OAI21X4)                                      0.09       6.34 f
  U14539/Y (BUFX4)                                        0.15       6.48 f
  U8160/Y (INVX2)                                         0.09       6.57 r
  U8142/Y (NAND2X2)                                       0.09       6.66 f
  U12804/Y (AOI2BB2X4)                                    0.19       6.85 r
  U18278/Y (XNOR3X2)                                      0.37       7.22 f
  U12311/Y (INVX2)                                        0.10       7.32 r
  DP_OP_4975J1_124_5219_U559/S (CMPR42X2)                 0.64       7.96 r
  U9404/Y (NAND2X1)                                       0.07       8.03 f
  U20681/Y (OAI21X1)                                      0.18       8.21 r
  U18191/Y (OAI2BB1X4)                                    0.21       8.42 r
  U18190/Y (AOI21X4)                                      0.09       8.51 f
  U17808/Y (OAI2BB1X4)                                    0.14       8.65 r
  U17807/Y (CLKINVX8)                                     0.16       8.82 f
  U13622/Y (NAND2X1)                                      0.13       8.94 r
  U13621/Y (OAI21X1)                                      0.13       9.07 f
  U14044/CO (CMPR42X1)                                    0.99      10.06 f
  U11973/Y (NOR2X2)                                       0.14      10.21 r
  U11972/Y (OAI21X1)                                      0.11      10.32 f
  U24812/Y (AOI21X1)                                      0.19      10.51 r
  U9572/Y (OAI21X2)                                       0.13      10.64 f
  U9571/Y (NAND2X4)                                       0.11      10.75 r
  U17848/Y (NAND2X4)                                      0.11      10.87 f
  U11760/Y (NAND2X4)                                      0.19      11.06 r
  U11759/Y (INVX8)                                        0.08      11.13 f
  U17596/Y (NAND2X4)                                      0.09      11.22 r
  U17594/Y (NAND2X4)                                      0.07      11.29 f
  U17871/Y (INVX4)                                        0.06      11.36 r
  U11697/Y (NAND2X4)                                      0.08      11.43 f
  U13194/Y (INVX4)                                        0.08      11.51 r
  U13193/Y (NAND2X4)                                      0.09      11.60 f
  U18015/Y (NAND2X1)                                      0.10      11.71 r
  U9908/Y (AND2X2)                                        0.18      11.89 r
  U17869/Y (NAND3X2)                                      0.09      11.98 f
  U17885/Y (OAI2BB1X2)                                    0.23      12.20 f
  U17887/Y (NOR2X4)                                       0.11      12.31 r
  U18001/Y (OAI21X4)                                      0.10      12.41 f
  U17884/Y (BUFX12)                                       0.17      12.58 f
  U24896/Y (MXI2X1)                                       0.16      12.74 f
  demos_buf_reg_0__0_/D (DFFRX4)                          0.00      12.74 f
  data arrival time                                                 12.74

  clock clk (rise edge)                                  13.10      13.10
  clock network delay (ideal)                             0.00      13.10
  clock uncertainty                                      -0.10      13.00
  demos_buf_reg_0__0_/CK (DFFRX4)                         0.00      13.00 r
  library setup time                                     -0.26      12.74
  data required time                                                12.74
  --------------------------------------------------------------------------
  data required time                                                12.74
  data arrival time                                                -12.74
  --------------------------------------------------------------------------
  slack (MET)                                                        0.00


1
exit

Memory usage for this session 512 Mbytes.
Memory usage for this session including child processes 739 Mbytes.
CPU usage for this session 967 seconds ( 0.27 hours ).
Elapsed time for this session 361 seconds ( 0.10 hours ).

Thank you...

