Initializing gui preferences from file  /RAID2/COURSE/2026_Spring/iclab/iclab067/.synopsys_dc_gui/preferences.tcl
#======================================================
#
# Synopsys Synthesis Scripts (Design Vision dctcl mode)
#
#======================================================
#======================================================
#  Set Libraries
#======================================================
#
#set search_path {./../01_RTL \
#                 ./../04_MEM/ \
#                                 /RAID2/COURSE/BackUp/2023_Spring/iclab/iclabta01/UMC018_CBDK/CIC/SynopsysDC/db/ \
#                 /~iclabta01/umc018/Synthesis/ }
#                 /usr/synthesis/libraries/syn/ \
#                  /usr/synthesis/dw/ }
#set synthetic_library {dw_foundation.sldb}
#set link_library {MYMEMORY_WC.db MEMORY2_WC.db fsa0m_a_generic_core_ss1p62v125c.db fsa0m_a_generic_core_ff1p98vm40c.db fsa0m_a_t33_generic_io_ss1p62v125c.db fsa0m_a_t33_generic_io_tt1p8v25c.db dw_foundation.sldb} 
#set target_library {slow.db}
#
#======================================================
# (A) Global Parameters
#======================================================
set DESIGN "OT_DESIGN"
OT_DESIGN
set CYCLE 20.0
20.0
set INPUT_DLY [expr 0.5*$CYCLE]  
10.0
set OUTPUT_DLY [expr 0.5*$CYCLE]
10.0
#======================================================
# (B) Read RTL Code
#======================================================
# (B-1) analyze + elaborate
set hdlin_auto_save_templates TRUE
TRUE
analyze -f sverilog $DESIGN\.v 
Running PRESTO HDLC
Compiling source file ../01_RTL/OT_DESIGN.v
Warning:  ../01_RTL/OT_DESIGN.v:309: the undeclared symbol 'mem0_web' assumed to have the default net type, which is 'wire'. (VER-936)
Presto compilation completed successfully.
Loading db file '/RAID2/COURSE/BackUp/2023_Spring/iclab/iclabta01/UMC018_CBDK/CIC/SynopsysDC/db/fsa0m_a_generic_core_ss1p62v125c.db'
Loading db file '/RAID2/COURSE/BackUp/2023_Spring/iclab/iclabta01/UMC018_CBDK/CIC/SynopsysDC/db/fsa0m_a_generic_core_ff1p98vm40c.db'
Loading db file '/RAID2/COURSE/BackUp/2023_Spring/iclab/iclabta01/UMC018_CBDK/CIC/SynopsysDC/db/fsa0m_a_t33_generic_io_ss1p62v125c.db'
Loading db file '/RAID2/COURSE/BackUp/2023_Spring/iclab/iclabta01/UMC018_CBDK/CIC/SynopsysDC/db/fsa0m_a_t33_generic_io_ff1p98vm40c.db'
Loading db file '/RAID2/COURSE/2026_Spring/iclab/iclab067/OT_2026S_0612/04_MEM/SUMA180_4096X8X1BM4_WC.db'
Loading db file '/usr/cad/synopsys/synthesis/cur/libraries/syn/dw_foundation.sldb'
Loading db file '/usr/cad/synopsys/synthesis/cur/libraries/syn/standard.sldb'
1
elaborate $DESIGN  
Loading db file '/usr/cad/synopsys/synthesis/2022.03/libraries/syn/gtech.db'
Loading db file '/usr/cad/synopsys/synthesis/2022.03/libraries/syn/standard.sldb'
  Loading link library 'fsa0m_a_generic_core_ss1p62v125c'
  Loading link library 'fsa0m_a_generic_core_ff1p98vm40c'
  Loading link library 'fsa0m_a_t33_generic_io_ss1p62v125c'
  Loading link library 'fsa0m_a_t33_generic_io_ff1p98vm40c'
  Loading link library 'SUMA180_4096X8X1BM4_WC'
  Loading link library 'gtech'
Running PRESTO HDLC
Warning:  ../01_RTL/OT_DESIGN.v:272: signed to unsigned conversion occurs. (VER-318)

Statistics for case statements in always block at line 98 in file
        '../01_RTL/OT_DESIGN.v'
===============================================
|           Line           |  full/ parallel  |
===============================================
|           100            |    auto/auto     |
===============================================

Statistics for case statements in always block at line 134 in file
        '../01_RTL/OT_DESIGN.v'
===============================================
|           Line           |  full/ parallel  |
===============================================
|           172            |    auto/auto     |
===============================================

Inferred memory devices in process
        in routine OT_DESIGN line 92 in file
                '../01_RTL/OT_DESIGN.v'.
===============================================================================
|    Register Name    |   Type    | Width | Bus | MB | AR | AS | SR | SS | ST |
===============================================================================
|      state_reg      | Flip-flop |   1   |  N  | N  | Y  | N  | N  | N  | N  |
|      state_reg      | Flip-flop |   1   |  N  | N  | N  | Y  | N  | N  | N  |
===============================================================================

Inferred memory devices in process
        in routine OT_DESIGN line 109 in file
                '../01_RTL/OT_DESIGN.v'.
===============================================================================
|    Register Name    |   Type    | Width | Bus | MB | AR | AS | SR | SS | ST |
===============================================================================
|    main_cnt_reg     | Flip-flop |  12   |  Y  | N  | Y  | N  | N  | N  | N  |
===============================================================================

Inferred memory devices in process
        in routine OT_DESIGN line 119 in file
                '../01_RTL/OT_DESIGN.v'.
===============================================================================
|    Register Name    |   Type    | Width | Bus | MB | AR | AS | SR | SS | ST |
===============================================================================
|   tgt2_offset_reg   | Flip-flop |  12   |  Y  | N  | Y  | N  | N  | N  | N  |
|     opcode_reg      | Flip-flop |   2   |  Y  | N  | Y  | N  | N  | N  | N  |
|   tgt1_offset_reg   | Flip-flop |  12   |  Y  | N  | Y  | N  | N  | N  | N  |
===============================================================================

Inferred memory devices in process
        in routine OT_DESIGN line 134 in file
                '../01_RTL/OT_DESIGN.v'.
===============================================================================
|    Register Name    |   Type    | Width | Bus | MB | AR | AS | SR | SS | ST |
===============================================================================
|     out_buf_reg     | Flip-flop | 2048  |  Y  | N  | N  | N  | N  | N  | N  |
|   calc_state_reg    | Flip-flop |   4   |  Y  | N  | Y  | N  | N  | N  | N  |
|    pipe_cnt_reg     | Flip-flop |   9   |  Y  | N  | Y  | N  | N  | N  | N  |
|  mem0_addr_reg_reg  | Flip-flop |  12   |  Y  | N  | Y  | N  | N  | N  | N  |
|  mem0_din_reg_reg   | Flip-flop |   8   |  Y  | N  | Y  | N  | N  | N  | N  |
|  mem0_web_reg_reg   | Flip-flop |   1   |  N  | N  | N  | Y  | N  | N  | N  |
|    tgt1_img_reg     | Flip-flop |   8   |  Y  | N  | Y  | N  | N  | N  | N  |
|      sum1_reg       | Flip-flop |  16   |  Y  | N  | Y  | N  | N  | N  | N  |
|      sum2_reg       | Flip-flop |  16   |  Y  | N  | Y  | N  | N  | N  | N  |
|     mp_max_reg      | Flip-flop |   8   |  Y  | N  | Y  | N  | N  | N  | N  |
===============================================================================

Inferred memory devices in process
        in routine OT_DESIGN line 288 in file
                '../01_RTL/OT_DESIGN.v'.
===============================================================================
|    Register Name    |   Type    | Width | Bus | MB | AR | AS | SR | SS | ST |
===============================================================================
|    out_data_reg     | Flip-flop |   8   |  Y  | N  | Y  | N  | N  | N  | N  |
|     out_cnt_reg     | Flip-flop |   9   |  Y  | N  | Y  | N  | N  | N  | N  |
|    out_valid_reg    | Flip-flop |   1   |  N  | N  | Y  | N  | N  | N  | N  |
===============================================================================
Statistics for MUX_OPs
======================================================
| block name/line  | Inputs | Outputs | # sel inputs |
======================================================
|  OT_DESIGN/295   |  256   |    8    |      8       |
======================================================
Presto compilation completed successfully. (OT_DESIGN)
Elaborated 1 design.
Current design is now 'OT_DESIGN'.
1
# (B-2) read_sverilog
#read_sverilog $DESIGN\.v
# (B-3) set current design
current_design $DESIGN
Current design is 'OT_DESIGN'.
{OT_DESIGN}
link

  Linking design 'OT_DESIGN'
  Using the following designs and libraries:
  --------------------------------------------------------------------------
  OT_DESIGN                   /RAID2/COURSE/2026_Spring/iclab/iclab067/OT_2026S_0612/02_SYN/OT_DESIGN.db
  fsa0m_a_generic_core_ss1p62v125c (library) /RAID2/COURSE/BackUp/2023_Spring/iclab/iclabta01/UMC018_CBDK/CIC/SynopsysDC/db/fsa0m_a_generic_core_ss1p62v125c.db
  fsa0m_a_generic_core_ff1p98vm40c (library) /RAID2/COURSE/BackUp/2023_Spring/iclab/iclabta01/UMC018_CBDK/CIC/SynopsysDC/db/fsa0m_a_generic_core_ff1p98vm40c.db
  fsa0m_a_t33_generic_io_ss1p62v125c (library) /RAID2/COURSE/BackUp/2023_Spring/iclab/iclabta01/UMC018_CBDK/CIC/SynopsysDC/db/fsa0m_a_t33_generic_io_ss1p62v125c.db
  fsa0m_a_t33_generic_io_ff1p98vm40c (library) /RAID2/COURSE/BackUp/2023_Spring/iclab/iclabta01/UMC018_CBDK/CIC/SynopsysDC/db/fsa0m_a_t33_generic_io_ff1p98vm40c.db
  SUMA180_4096X8X1BM4_WC (library) /RAID2/COURSE/2026_Spring/iclab/iclab067/OT_2026S_0612/04_MEM/SUMA180_4096X8X1BM4_WC.db
  dw_foundation.sldb (library) /usr/cad/synopsys/synthesis/cur/libraries/syn/dw_foundation.sldb

1
#======================================================
#  (C) Global Setting
#======================================================
set_wire_load_mode top
1
set_operating_conditions -max WCCOM -max_library fsa0m_a_generic_core_ss1p62v125c -min BCCOM -min_library fsa0m_a_generic_core_ff1p98vm40c
Using operating conditions 'WCCOM' found in library 'fsa0m_a_generic_core_ss1p62v125c'.
Using operating conditions 'BCCOM' found in library 'fsa0m_a_generic_core_ff1p98vm40c'.
1
set_wire_load_model -name G50K -library fsa0m_a_generic_core_ss1p62v125c
1
set_wire_load_model -name G50K -library fsa0m_a_generic_core_ff1p98vm40c
1
#======================================================
#  (D) Set Design Constraints
#======================================================
# (D-1) Setting Clock Constraints
create_clock -name clk -period $CYCLE [get_ports clk] 
1
set_dont_touch_network             [get_clocks clk]
1
set_fix_hold                       [get_clocks clk]
1
set_clock_uncertainty       0.1    [get_clocks clk]
1
#set_clock_latency           2.0    [get_clocks clk] 
set_input_transition        0.5    [all_inputs] 
1
set_clock_transition        0.1    [all_clocks] 
1
# (D-2) Setting in/out Constraints
set_input_delay   -max  $INPUT_DLY  -clock clk   [all_inputs] ;  # set_up time check 
1
set_input_delay   -min  0           -clock clk   [all_inputs] ;  # hold   time check 
1
set_output_delay  -max  $OUTPUT_DLY -clock clk   [all_outputs] ; # set_up time check 
1
set_output_delay  -min  0           -clock clk   [all_outputs] ; # hold   time check 
1
set_input_delay 0 -clock clk clk
1
set_input_delay 0 -clock clk rst_n
1
#set_max_delay $CYCLE -from [all_inputs] -to [all_outputs]
# (D-3) Setting Design Environment
set_driving_cell -library fsa0m_a_t33_generic_io_ss1p62v125c -lib_cell  XMD  -pin {O}  [get_ports clk]
Warning: Design rule attributes from the driving cell will be
        set on the port. (UID-401)
1
set_driving_cell -library fsa0m_a_t33_generic_io_ss1p62v125c -lib_cell  XMD  -pin {O}  [remove_from_collection [all_inputs] [get_ports clk]]
Warning: Design rule attributes from the driving cell will be
        set on the port. (UID-401)
Warning: Design rule attributes from the driving cell will be
        set on the port. (UID-401)
Warning: Design rule attributes from the driving cell will be
        set on the port. (UID-401)
Warning: Design rule attributes from the driving cell will be
        set on the port. (UID-401)
Warning: Design rule attributes from the driving cell will be
        set on the port. (UID-401)
Warning: Design rule attributes from the driving cell will be
        set on the port. (UID-401)
Warning: Design rule attributes from the driving cell will be
        set on the port. (UID-401)
Warning: Design rule attributes from the driving cell will be
        set on the port. (UID-401)
Warning: Design rule attributes from the driving cell will be
        set on the port. (UID-401)
Warning: Design rule attributes from the driving cell will be
        set on the port. (UID-401)
Warning: Design rule attributes from the driving cell will be
        set on the port. (UID-401)
Warning: Design rule attributes from the driving cell will be
        set on the port. (UID-401)
Warning: Design rule attributes from the driving cell will be
        set on the port. (UID-401)
Warning: Design rule attributes from the driving cell will be
        set on the port. (UID-401)
Warning: Design rule attributes from the driving cell will be
        set on the port. (UID-401)
Warning: Design rule attributes from the driving cell will be
        set on the port. (UID-401)
Warning: Design rule attributes from the driving cell will be
        set on the port. (UID-401)
Warning: Design rule attributes from the driving cell will be
        set on the port. (UID-401)
Warning: Design rule attributes from the driving cell will be
        set on the port. (UID-401)
Warning: Design rule attributes from the driving cell will be
        set on the port. (UID-401)
Warning: Design rule attributes from the driving cell will be
        set on the port. (UID-401)
1
set_load  [load_of "fsa0m_a_t33_generic_io_ss1p62v125c/YA2GSD/I"]       [all_outputs] ; # ~= 0.024
1
# set_load 0.05 [all_outputs]
# (D-4) Setting DRC Constraint
#set_max_delay           0     ; # Optimize delay max effort                 
#set_max_area            0      ; # Optimize area max effort           
set_max_transition      3       [all_inputs]   ; # U18 LUT Max Transition Value  
1
set_max_capacitance     0.15    [all_inputs]   ; # U18 LUT Max Capacitance Value
1
set_max_fanout          10      [all_inputs]
1
# set_dont_use slow/JKFF*
#set_dont_touch [get_cells core_reg_macro]
#set hdlin_ff_always_sync_set_reset true
# (D-5) Report Clock skew
report_clock -skew clk
Information: Checking out the license 'DesignWare'. (SEC-104)
Information: Updating design information... (UID-85)
Warning: Design 'OT_DESIGN' contains 3 high-fanout nets. A fanout number of 1000 will be used for delay calculations involving these nets. (TIM-134)
 
****************************************
Report : clock_skew
Design : OT_DESIGN
Version: T-2022.03
Date   : Sat Apr 18 21:17:38 2026
****************************************

                 Rise      Fall  Min Rise  Min fall        Uncertainty
Object          Delay     Delay     Delay     Delay     Plus      Minus
--------------------------------------------------------------------------------
clk                 -         -         -         -      0.10      0.10

                 Max Transition      Min Transition
Object           Rise      Fall      Rise      Fall
-------------------------------------------------------
clk              0.10      0.10      0.10      0.10
1
check_timing

Information: Checking generated_clocks...

Information: Checking loops...

Information: Checking no_input_delay...

Information: Checking unconstrained_endpoints...

Information: Checking pulse_clock_cell_type...

Information: Checking no_driving_cell...

Information: Checking partial_input_delay...
1
#======================================================
#  (E) Optimization
#======================================================
check_design > Report/$DESIGN\.check
set_fix_multiple_port_nets -all -buffer_constants [get_designs *]
1
set_fix_hold [all_clocks]
1
compile_ultra
Information: Performing power optimization. (PWR-850)
Alib files are up-to-date.
Information: Running optimization using a maximum of 8 cores. (OPT-1500)
Information: Evaluating DesignWare library utilization. (UISN-27)

============================================================================
| DesignWare Building Block Library  |         Version         | Available |
============================================================================
| Basic DW Building Blocks           | S-2021.06-DWBB_202106.0 |     *     |
| Licensed DW Building Blocks        | S-2021.06-DWBB_202106.0 |     *     |
============================================================================

====================================================================================================
| Flow Information                                                                                 |
----------------------------------------------------------------------------------------------------
| Flow         | Design Compiler NXT WLM                                                           |
| Comand line  | compile_ultra                                                                     |
====================================================================================================
| Design Information                                      | Value                                  |
====================================================================================================
| Number of Scenarios                                     | 0                                      |
| Leaf Cell Count                                         | 29302                                  |
| Number of User Hierarchies                              | 0                                      |
| Sequential Cell Count                                   | 2189                                   |
| Macro Count                                             | 0                                      |
| Number of Power Domains                                 | 0                                      |
| Number of Path Groups                                   | 2                                      |
| Number of VT class                                      | 0                                      |
| Number of Clocks                                        | 1                                      |
| Number of Dont Touch cells                              | 8115                                   |
| Number of Dont Touch nets                               | 1                                      |
| Number of size only cells                               | 0                                      |
| Design with UPF Data                                    | false                                  |
----------------------------------------------------------------------------------------------------
| Variables                                               | Value                                  |
----------------------------------------------------------------------------------------------------
| set_fix_multiple_port_nets                              | -all -buffer_constants                 |
====================================================================================================
Information: Sequential output inversion is enabled.  SVF file must be used for formal verification. (OPT-1208)

Information: There are 24 potential problems in your design. Please run 'check_design' for more information. (LINT-99)

  Simplifying Design 'OT_DESIGN'

  Loading target library 'fsa0m_a_generic_core_ff1p98vm40c'
  Loading target library 'fsa0m_a_t33_generic_io_ss1p62v125c'
  Loading target library 'fsa0m_a_t33_generic_io_ff1p98vm40c'
  Loading target library 'SUMA180_4096X8X1BM4_WC'
Loaded alib file './alib-52/fsa0m_a_generic_core_ss1p62v125c.db.alib'
Loaded alib file './alib-52/fsa0m_a_generic_core_ff1p98vm40c.db.alib'
Loaded alib file './alib-52/fsa0m_a_t33_generic_io_ss1p62v125c.db.alib' (placeholder)
Loaded alib file './alib-52/fsa0m_a_t33_generic_io_ff1p98vm40c.db.alib' (placeholder)
Loaded alib file './alib-52/SUMA180_4096X8X1BM4_WC.db.alib' (placeholder)
Warning: Operating condition WCCOM set on design OT_DESIGN has different process,
voltage and temperatures parameters than the parameters at which target library 
fsa0m_a_generic_core_ff1p98vm40c is characterized. Delays may be inaccurate as a result. (OPT-998)
  Building model 'DW01_NAND2'
Information: Ungrouping 0 of 1 hierarchies before Pass 1 (OPT-775)
Information: State dependent leakage is now switched from on to off.

  Beginning Pass 1 Mapping
  ------------------------
  Processing 'OT_DESIGN'
Information: The register 'tgt1_offset_reg[0]' is a constant and will be removed. (OPT-1206)
Information: The register 'tgt1_offset_reg[1]' is a constant and will be removed. (OPT-1206)
Information: The register 'tgt1_offset_reg[2]' is a constant and will be removed. (OPT-1206)
Information: The register 'tgt1_offset_reg[3]' is a constant and will be removed. (OPT-1206)
Information: The register 'tgt1_offset_reg[4]' is a constant and will be removed. (OPT-1206)
Information: The register 'tgt1_offset_reg[5]' is a constant and will be removed. (OPT-1206)
Information: The register 'tgt1_offset_reg[6]' is a constant and will be removed. (OPT-1206)
Information: The register 'tgt1_offset_reg[7]' is a constant and will be removed. (OPT-1206)
Information: The register 'tgt2_offset_reg[0]' is a constant and will be removed. (OPT-1206)
Information: The register 'tgt2_offset_reg[1]' is a constant and will be removed. (OPT-1206)
Information: The register 'tgt2_offset_reg[2]' is a constant and will be removed. (OPT-1206)
Information: The register 'tgt2_offset_reg[3]' is a constant and will be removed. (OPT-1206)
Information: The register 'tgt2_offset_reg[4]' is a constant and will be removed. (OPT-1206)
Information: The register 'tgt2_offset_reg[5]' is a constant and will be removed. (OPT-1206)
Information: The register 'tgt2_offset_reg[6]' is a constant and will be removed. (OPT-1206)
Information: The register 'tgt2_offset_reg[7]' is a constant and will be removed. (OPT-1206)
 Implement Synthetic for 'OT_DESIGN'.
Information: Added key list 'DesignWare' to design 'OT_DESIGN'. (DDB-72)

  Updating timing information
Information: Updating design information... (UID-85)
Information: The library cell 'TIE1' in the library 'fsa0m_a_generic_core_ss1p62v125c' is not characterized for internal power. (PWR-536)
Information: The library cell 'TIE0' in the library 'fsa0m_a_generic_core_ss1p62v125c' is not characterized for internal power. (PWR-536)
Information: The library cell 'BHD1' in the library 'fsa0m_a_generic_core_ss1p62v125c' is not characterized for internal power. (PWR-536)
Information: The target library(s) contains cell(s), other than black boxes, that are not characterized for internal power. (PWR-24)

  Beginning Mapping Optimizations  (Ultra High effort)
  -------------------------------
Information: Added key list 'DesignWare' to design 'OT_DESIGN_RSOP_8206'. (DDB-72)
  Mapping Optimization (Phase 1)

                                  TOTAL                                                            
   ELAPSED            WORST NEG   SETUP    DESIGN                              LEAKAGE   MIN DELAY 
    TIME      AREA      SLACK     COST    RULE COST         ENDPOINT            POWER      COST    
  --------- --------- --------- --------- --------- ------------------------- --------- -----------
    0:01:41  513663.7      0.00       0.0      62.8                           61955208.0000      0.00  
    0:01:42  513404.3      0.00       0.0     349.5                           61939240.0000      0.00  

  Beginning Constant Register Removal
  -----------------------------------
    0:01:42  513404.3      0.00       0.0     349.5                           61939240.0000      0.00  
    0:01:42  513404.3      0.00       0.0     349.5                           61939240.0000      0.00  

  Beginning Global Optimizations
  ------------------------------
  Numerical Synthesis (Phase 1)
  Numerical Synthesis (Phase 2)
  Global Optimization (Phase 1)
  Global Optimization (Phase 2)
  Global Optimization (Phase 3)
  Global Optimization (Phase 4)
  Global Optimization (Phase 5)
  Global Optimization (Phase 6)
  Global Optimization (Phase 7)
  Global Optimization (Phase 8)
  Global Optimization (Phase 9)
  Global Optimization (Phase 10)
  Global Optimization (Phase 11)
  Global Optimization (Phase 12)
  Global Optimization (Phase 13)
  Global Optimization (Phase 14)
  Global Optimization (Phase 15)
  Global Optimization (Phase 16)
  Global Optimization (Phase 17)
  Global Optimization (Phase 18)
  Global Optimization (Phase 19)
  Global Optimization (Phase 20)
  Global Optimization (Phase 21)
  Global Optimization (Phase 22)
  Global Optimization (Phase 23)
  Global Optimization (Phase 24)
  Global Optimization (Phase 25)
  Global Optimization (Phase 26)
  Global Optimization (Phase 27)
  Global Optimization (Phase 28)
  Global Optimization (Phase 29)
  Global Optimization (Phase 30)

  Beginning Isolate Ports
  -----------------------

  Beginning Delay Optimization
  ----------------------------
    0:01:45  453455.1      0.00       0.0      71.2                           55481268.0000      0.00  
    0:01:45  453455.1      0.00       0.0      71.2                           55481268.0000      0.00  
    0:01:45  453455.1      0.00       0.0      71.2                           55481268.0000      0.00  
    0:01:45  453455.1      0.00       0.0      71.2                           55481268.0000      0.00  
    0:01:46  453383.2      0.00       0.0      71.2                           55478500.0000      0.00  
    0:01:46  453361.3      0.00       0.0      71.2                           55477284.0000      0.00  

  Beginning WLM Backend Optimization
  --------------------------------------
    0:01:48  453314.4      0.00       0.0      64.1                           55437860.0000      0.00  
    0:01:48  453314.4      0.00       0.0      64.1                           55437860.0000      0.00  
    0:01:48  453314.4      0.00       0.0      64.1                           55437860.0000      0.00  
    0:01:49  452952.0      0.00       0.0      63.0                           55354228.0000      0.00  
    0:01:49  452952.0      0.00       0.0      63.0                           55354228.0000      0.00  
    0:01:49  452952.0      0.00       0.0      63.0                           55354228.0000      0.00  
    0:01:49  452952.0      0.00       0.0      63.0                           55354228.0000      0.00  
    0:01:49  452952.0      0.00       0.0      63.0                           55354228.0000      0.00  
    0:01:49  452952.0      0.00       0.0      63.0                           55354228.0000      0.00  
    0:01:49  452952.0      0.00       0.0      63.0                           55354228.0000      0.00  
    0:01:49  452952.0      0.00       0.0      63.0                           55354228.0000      0.00  
    0:01:49  452952.0      0.00       0.0      63.0                           55354228.0000      0.00  
    0:01:49  452952.0      0.00       0.0      63.0                           55354228.0000      0.00  
    0:01:49  452952.0      0.00       0.0      63.0                           55354228.0000      0.00  
    0:01:49  452952.0      0.00       0.0      63.0                           55354228.0000      0.00  
    0:01:49  452952.0      0.00       0.0      63.0                           55354228.0000      0.00  
    0:01:49  452952.0      0.00       0.0      63.0                           55354228.0000      0.00  
    0:01:49  452952.0      0.00       0.0      63.0                           55354228.0000      0.00  
    0:01:49  452952.0      0.00       0.0      63.0                           55354228.0000      0.00  
    0:01:49  452952.0      0.00       0.0      63.0                           55354228.0000      0.00  
    0:01:49  452952.0      0.00       0.0      63.0                           55354228.0000      0.00  
    0:01:49  452952.0      0.00       0.0      63.0                           55354228.0000      0.00  


  Beginning Design Rule Fixing  (max_transition)  (max_capacitance)
  ----------------------------

                                  TOTAL                                                            
   ELAPSED            WORST NEG   SETUP    DESIGN                              LEAKAGE   MIN DELAY 
    TIME      AREA      SLACK     COST    RULE COST         ENDPOINT            POWER      COST    
  --------- --------- --------- --------- --------- ------------------------- --------- -----------
    0:01:49  452952.0      0.00       0.0      63.0                           55354228.0000      0.00  
  Global Optimization (Phase 31)
  Global Optimization (Phase 32)
  Global Optimization (Phase 33)
    0:01:49  452980.1      0.00       0.0       0.0                           55354676.0000      0.00  
    0:01:49  452980.1      0.00       0.0       0.0                           55354676.0000      0.00  


  Beginning Leakage Power Optimization  (max_leakage_power 0)
  ------------------------------------

                                  TOTAL                                                            
   ELAPSED            WORST NEG   SETUP    DESIGN                              LEAKAGE   MIN DELAY 
    TIME      AREA      SLACK     COST    RULE COST         ENDPOINT            POWER      COST    
  --------- --------- --------- --------- --------- ------------------------- --------- -----------
    0:01:49  452980.1      0.00       0.0       0.0                           55354676.0000      0.00  
  Global Optimization (Phase 34)
  Global Optimization (Phase 35)
  Global Optimization (Phase 36)
  Global Optimization (Phase 37)
  Global Optimization (Phase 38)
  Global Optimization (Phase 39)
  Global Optimization (Phase 40)
  Global Optimization (Phase 41)
  Global Optimization (Phase 42)
  Global Optimization (Phase 43)
  Global Optimization (Phase 44)
  Global Optimization (Phase 45)
  Global Optimization (Phase 46)
  Global Optimization (Phase 47)
    0:01:50  454711.2      0.00       0.0       0.0                           55521236.0000      0.00  
    0:01:50  454711.2      0.00       0.0       0.0                           55521236.0000      0.00  
    0:01:50  454711.2      0.00       0.0       0.0                           55521236.0000      0.00  
    0:01:50  453070.7      0.00       0.0       0.0                           55306568.0000      0.00  
    0:01:50  453070.7      0.00       0.0       0.0                           55306568.0000      0.00  
    0:01:50  453070.7      0.00       0.0       0.0                           55306568.0000      0.00  
    0:01:50  453070.7      0.00       0.0       0.0                           55306568.0000      0.00  
    0:01:50  453070.7      0.00       0.0       0.0                           55306568.0000      0.00  
    0:01:50  453070.7      0.00       0.0       0.0                           55306568.0000      0.00  
    0:01:50  453070.7      0.00       0.0       0.0                           55306568.0000      0.00  
    0:01:50  453070.7      0.00       0.0       0.0                           55306568.0000      0.00  
    0:01:50  453070.7      0.00       0.0       0.0                           55306568.0000      0.00  
    0:01:50  453070.7      0.00       0.0       0.0                           55306568.0000      0.00  
    0:01:50  453070.7      0.00       0.0       0.0                           55306568.0000      0.00  
    0:01:50  453070.7      0.00       0.0       0.0                           55306568.0000      0.00  
    0:01:50  453070.7      0.00       0.0       0.0                           55306568.0000      0.00  
    0:01:50  453070.7      0.00       0.0       0.0                           55306568.0000      0.00  
    0:01:50  453070.7      0.00       0.0       0.0                           55306568.0000      0.00  
    0:01:50  453070.7      0.00       0.0       0.0                           55306568.0000      0.00  
    0:01:50  453070.7      0.00       0.0       0.0                           55306568.0000      0.00  
    0:01:50  453070.7      0.00       0.0       0.0                           55306568.0000      0.00  
    0:01:50  453070.7      0.00       0.0       0.0                           55306568.0000      0.00  

                                  TOTAL                                                            
   ELAPSED            WORST NEG   SETUP    DESIGN                              LEAKAGE   MIN DELAY 
    TIME      AREA      SLACK     COST    RULE COST         ENDPOINT            POWER      COST    
  --------- --------- --------- --------- --------- ------------------------- --------- -----------
    0:01:51  453070.7      0.00       0.0       0.0                           55306568.0000      0.00  
    0:01:51  451992.6      0.00       0.0       4.0                           55204152.0000      0.00  
    0:01:51  451992.6      0.00       0.0       4.0                           55204152.0000      0.00  
    0:01:51  451992.6      0.00       0.0       4.0                           55204152.0000      0.00  
    0:01:52  451992.6      0.00       0.0       4.0                           55204152.0000      0.00  
    0:01:52  451714.5      0.00       0.0       0.0                           55180316.0000      0.00  
    0:01:52  451714.5      0.00       0.0       0.0                           55180316.0000      0.00  
    0:01:52  451714.5      0.00       0.0       0.0                           55180316.0000      0.00  
    0:01:52  451714.5      0.00       0.0       0.0                           55180316.0000      0.00  
    0:01:52  451714.5      0.00       0.0       0.0                           55180316.0000      0.00  
    0:01:52  451714.5      0.00       0.0       0.0                           55180316.0000      0.00  
    0:01:53  451677.0      0.00       0.0       0.0                           55177648.0000      0.00  
Loading db file '/RAID2/COURSE/BackUp/2023_Spring/iclab/iclabta01/UMC018_CBDK/CIC/SynopsysDC/db/fsa0m_a_generic_core_ss1p62v125c.db'
Loading db file '/RAID2/COURSE/BackUp/2023_Spring/iclab/iclabta01/UMC018_CBDK/CIC/SynopsysDC/db/fsa0m_a_generic_core_ff1p98vm40c.db'
Loading db file '/RAID2/COURSE/BackUp/2023_Spring/iclab/iclabta01/UMC018_CBDK/CIC/SynopsysDC/db/fsa0m_a_t33_generic_io_ss1p62v125c.db'
Loading db file '/RAID2/COURSE/BackUp/2023_Spring/iclab/iclabta01/UMC018_CBDK/CIC/SynopsysDC/db/fsa0m_a_t33_generic_io_ff1p98vm40c.db'
Loading db file '/RAID2/COURSE/2026_Spring/iclab/iclab067/OT_2026S_0612/04_MEM/SUMA180_4096X8X1BM4_WC.db'


Note: Symbol # after min delay cost means estimated hold TNS across all active scenarios 


  Optimization Complete
  ---------------------
Warning: Design 'OT_DESIGN' contains 1 high-fanout nets. A fanout number of 1000 will be used for delay calculations involving these nets. (TIM-134)
     Net 'clk': 2173 load(s), 1 driver(s)
  Loading target library 'fsa0m_a_generic_core_ff1p98vm40c'
  Loading target library 'fsa0m_a_t33_generic_io_ss1p62v125c'
  Loading target library 'fsa0m_a_t33_generic_io_ff1p98vm40c'
  Loading target library 'SUMA180_4096X8X1BM4_WC'
Information: State dependent leakage is now switched from off to on.
Information: Propagating switching activity (low effort zero delay simulation). (PWR-6)
Warning: Design has unannotated black box outputs. (PWR-428)
1
#uniquify
#compile
#======================================================
#  (F) Output Reports 
#======================================================
report_design  >  Report/$DESIGN\.design
report_resource >  Report/$DESIGN\.resource
report_timing -max_paths 3 >  Report/$DESIGN\.timing
report_area >  Report/$DESIGN\.area
report_power > Report/$DESIGN\.power
report_clock > Report/$DESIGN\.clock
report_port >  Report/$DESIGN\.port
report_power >  Report/$DESIGN\.power
#report_reference > Report/$DESIGN\.reference
#======================================================
#  (G) Change Naming Rule
#======================================================
set bus_inference_style "%s\[%d\]"
%s[%d]
set bus_naming_style "%s\[%d\]"
%s[%d]
set hdlout_internal_busses true
true
change_names -hierarchy -rule verilog
1
define_name_rules name_rule -allowed "a-z A-Z 0-9 _" -max_length 255 -type cell
1
define_name_rules name_rule -allowed "a-z A-Z 0-9 _[]" -max_length 255 -type net
1
define_name_rules name_rule -map {{"\\*cell\\*" "cell"}}
1
define_name_rules name_rule -case_insensitive
1
change_names -hierarchy -rules name_rule
1
#======================================================
#  (H) Output Results
#======================================================
set verilogout_higher_designs_first true
true
write -format verilog -output Netlist/$DESIGN\_SYN.v -hierarchy
Writing verilog file '/RAID2/COURSE/2026_Spring/iclab/iclab067/OT_2026S_0612/02_SYN/Netlist/OT_DESIGN_SYN.v'.
1
write -format ddc     -hierarchy -output $DESIGN\_SYN.ddc
Writing ddc file 'OT_DESIGN_SYN.ddc'.
1
write_sdf -version 3.0 -context verilog -load_delay cell Netlist/$DESIGN\_SYN.sdf -significant_digits 6
Information: Writing timing information to file '/RAID2/COURSE/2026_Spring/iclab/iclab067/OT_2026S_0612/02_SYN/Netlist/OT_DESIGN_SYN.sdf'. (WT-3)
Information: Updating design information... (UID-85)
Warning: Design 'OT_DESIGN' contains 1 high-fanout nets. A fanout number of 1000 will be used for delay calculations involving these nets. (TIM-134)
1
write_sdc Netlist/$DESIGN\_SYN.sdc
1
#======================================================
#  (I) Finish and Quit
#======================================================
report_area
 
****************************************
Report : area
Design : OT_DESIGN
Version: T-2022.03
Date   : Sat Apr 18 21:19:35 2026
****************************************

Library(s) Used:

    fsa0m_a_generic_core_ss1p62v125c (File: /RAID2/COURSE/BackUp/2023_Spring/iclab/iclabta01/UMC018_CBDK/CIC/SynopsysDC/db/fsa0m_a_generic_core_ss1p62v125c.db)
    SUMA180_4096X8X1BM4_WC (File: /RAID2/COURSE/2026_Spring/iclab/iclab067/OT_2026S_0612/04_MEM/SUMA180_4096X8X1BM4_WC.db)

Number of ports:                           31
Number of nets:                          7042
Number of cells:                         6987
Number of combinational cells:           4814
Number of sequential cells:              2172
Number of macros/black boxes:               1
Number of buf/inv:                        183
Number of references:                      54

Combinational area:              86135.112792
Buf/Inv area:                     1384.286384
Noncombinational area:          116167.567123
Macro/Black Box area:           249374.359375
Net Interconnect area:      undefined  (Wire load has zero net area)

Total cell area:                451677.039291
Total area:                 undefined
1
report_timing 
 
****************************************
Report : timing
        -path full
        -delay max
        -max_paths 1
Design : OT_DESIGN
Version: T-2022.03
Date   : Sat Apr 18 21:19:35 2026
****************************************

 # A fanout number of 1000 was used for high fanout net computations.

Operating Conditions: WCCOM   Library: fsa0m_a_generic_core_ss1p62v125c
Wire Load Model Mode: top

  Startpoint: MEM0 (rising edge-triggered flip-flop clocked by clk)
  Endpoint: out_buf_reg_0__7_
            (rising edge-triggered flip-flop clocked by clk)
  Path Group: clk
  Path Type: max

  Des/Clust/Port     Wire Load Model       Library
  ------------------------------------------------
  OT_DESIGN          G50K                  fsa0m_a_generic_core_ff1p98vm40c

  Point                                    Incr       Path
  -----------------------------------------------------------
  clock clk (rise edge)                    0.00       0.00
  clock network delay (ideal)              0.00       0.00
  MEM0/CK (SUMA180_4096X8X1BM4)            0.00 #     0.00 r
  MEM0/DO1 (SUMA180_4096X8X1BM4)           3.48       3.48 r
  U7061/O (INV1S)                          0.79       4.27 f
  U7626/O (MOAI1S)                         0.56       4.82 f
  U7497/O (MOAI1S)                         0.32       5.14 f
  U6936/O (MAO222S)                        0.40       5.54 f
  U6935/O (MAO222S)                        0.45       5.99 f
  U6934/O (MAO222S)                        0.45       6.44 f
  U6874/O (MAO222S)                        0.47       6.91 f
  U6933/O (MAO222)                         0.61       7.52 f
  U7523/O (INV1S)                          0.91       8.43 r
  U7749/O (MOAI1S)                         0.32       8.75 r
  U7750/O (INV1S)                          0.25       8.99 f
  U6977/O (OR2S)                           0.32       9.31 f
  DP_OP_96J1_122_4853_U8/CO (FA1S)         0.48       9.80 f
  DP_OP_96J1_122_4853_U7/CO (FA1S)         0.51      10.30 f
  DP_OP_96J1_122_4853_U6/CO (FA1S)         0.51      10.81 f
  DP_OP_96J1_122_4853_U5/CO (FA1S)         0.51      11.31 f
  DP_OP_96J1_122_4853_U4/CO (FA1S)         0.51      11.82 f
  DP_OP_96J1_122_4853_U3/CO (FA1S)         0.52      12.34 f
  U8219/O (XOR2HS)                         0.21      12.54 f
  U8222/O (AOI12H)                         1.44      13.98 r
  U6848/O (BUF2)                           1.38      15.36 r
  U8337/O (MOAI1S)                         0.33      15.69 f
  out_buf_reg_0__7_/D (QDFFS)              0.00      15.69 f
  data arrival time                                  15.69

  clock clk (rise edge)                   20.00      20.00
  clock network delay (ideal)              0.00      20.00
  clock uncertainty                       -0.10      19.90
  out_buf_reg_0__7_/CK (QDFFS)             0.00      19.90 r
  library setup time                      -0.21      19.69
  data required time                                 19.69
  -----------------------------------------------------------
  data required time                                 19.69
  data arrival time                                 -15.69
  -----------------------------------------------------------
  slack (MET)                                         4.00


1
exit

Memory usage for this session 463 Mbytes.
Memory usage for this session including child processes 811 Mbytes.
CPU usage for this session 143 seconds ( 0.04 hours ).
Elapsed time for this session 127 seconds ( 0.04 hours ).

Thank you...

