Initializing gui preferences from file  /RAID2/COURSE/2026_Spring/iclab/iclab067/.synopsys_dc_gui/preferences.tcl
#======================================================
#
# Synopsys Synthesis Scripts (Design Vision dctcl mode)
#
#======================================================
#======================================================
#  Set Libraries
#======================================================
# Skip this part as it's already set in .synopsys_dc.setup
#======================================================
#  Global Parameters
#======================================================
set DESIGN "HT"
HT
set CYCLE 20.0
20.0
set INPUT_DLY [expr 0.5*$CYCLE]
10.0
set OUTPUT_DLY [expr 0.5*$CYCLE]
10.0
#======================================================
#  Read RTL Code
#======================================================
# (B-1) analyze + elaborate
set hdlin_auto_save_templates TRUE
TRUE
analyze -f sverilog $DESIGN\.v 
Running PRESTO HDLC
Compiling source file ../01_RTL/HT.v
Presto compilation completed successfully.
Loading db file '/RAID2/COURSE/BackUp/2023_Spring/iclab/iclabta01/UMC018_CBDK/CIC/SynopsysDC/db/fsa0m_a_generic_core_ss1p62v125c.db'
Loading db file '/RAID2/COURSE/BackUp/2023_Spring/iclab/iclabta01/UMC018_CBDK/CIC/SynopsysDC/db/fsa0m_a_generic_core_ff1p98vm40c.db'
Loading db file '/RAID2/COURSE/BackUp/2023_Spring/iclab/iclabta01/UMC018_CBDK/CIC/SynopsysDC/db/fsa0m_a_t33_generic_io_ss1p62v125c.db'
Loading db file '/RAID2/COURSE/BackUp/2023_Spring/iclab/iclabta01/UMC018_CBDK/CIC/SynopsysDC/db/fsa0m_a_t33_generic_io_tt1p8v25c.db'
Loading db file '/usr/cad/synopsys/synthesis/cur/libraries/syn/dw_foundation.sldb'
Loading db file '/usr/cad/synopsys/synthesis/cur/libraries/syn/standard.sldb'
1
analyze -f sverilog SORT_IP.v
Running PRESTO HDLC
Compiling source file ../01_RTL/SORT_IP.v
Presto compilation completed successfully.
1
elaborate $DESIGN  
Loading db file '/usr/cad/synopsys/synthesis/2022.03/libraries/syn/gtech.db'
Loading db file '/usr/cad/synopsys/synthesis/2022.03/libraries/syn/standard.sldb'
  Loading link library 'fsa0m_a_generic_core_ss1p62v125c'
  Loading link library 'fsa0m_a_generic_core_ff1p98vm40c'
  Loading link library 'fsa0m_a_t33_generic_io_ss1p62v125c'
  Loading link library 'fsa0m_a_t33_generic_io_tt1p8v25c'
  Loading link library 'gtech'
Running PRESTO HDLC
Warning:  ../01_RTL/HT.v:120: DEFAULT branch of CASE statement cannot be reached. (ELAB-311)
Warning:  ../01_RTL/HT.v:170: DEFAULT branch of CASE statement cannot be reached. (ELAB-311)

Statistics for case statements in always block at line 116 in file
        '../01_RTL/HT.v'
===============================================
|           Line           |  full/ parallel  |
===============================================
|           120            |    auto/auto     |
===============================================

Statistics for case statements in always block at line 142 in file
        '../01_RTL/HT.v'
===============================================
|           Line           |  full/ parallel  |
===============================================
|           145            |    auto/auto     |
|           154            |    auto/auto     |
===============================================

Statistics for case statements in always block at line 169 in file
        '../01_RTL/HT.v'
===============================================
|           Line           |  full/ parallel  |
===============================================
|           170            |    auto/auto     |
===============================================

Inferred memory devices in process
        in routine HT line 116 in file
                '../01_RTL/HT.v'.
===============================================================================
|    Register Name    |   Type    | Width | Bus | MB | AR | AS | SR | SS | ST |
===============================================================================
|    main_cnt_reg     | Flip-flop |   3   |  Y  | N  | Y  | N  | N  | N  | N  |
===============================================================================

Inferred memory devices in process
        in routine HT line 193 in file
                '../01_RTL/HT.v'.
===============================================================================
|    Register Name    |   Type    | Width | Bus | MB | AR | AS | SR | SS | ST |
===============================================================================
|      state_reg      | Flip-flop |   2   |  Y  | N  | Y  | N  | N  | N  | N  |
===============================================================================

Inferred memory devices in process
        in routine HT line 248 in file
                '../01_RTL/HT.v'.
===============================================================================
|    Register Name    |   Type    | Width | Bus | MB | AR | AS | SR | SS | ST |
===============================================================================
|  merge_weights_reg  | Flip-flop |  40   |  Y  | N  | Y  | N  | N  | N  | N  |
|   output_mode_reg   | Flip-flop |   1   |  N  | N  | Y  | N  | N  | N  | N  |
===============================================================================

Inferred memory devices in process
        in routine HT line 293 in file
                '../01_RTL/HT.v'.
===============================================================================
|    Register Name    |   Type    | Width | Bus | MB | AR | AS | SR | SS | ST |
===============================================================================
|  sorted_nodes_reg   | Flip-flop |   8   |  Y  | N  | Y  | N  | N  | N  | N  |
===============================================================================

Inferred memory devices in process
        in routine HT line 304 in file
                '../01_RTL/HT.v'.
===============================================================================
|    Register Name    |   Type    | Width | Bus | MB | AR | AS | SR | SS | ST |
===============================================================================
|    code_len_reg     | Flip-flop |  24   |  Y  | N  | Y  | N  | N  | N  | N  |
===============================================================================

Inferred memory devices in process
        in routine HT line 330 in file
                '../01_RTL/HT.v'.
===============================================================================
|    Register Name    |   Type    | Width | Bus | MB | AR | AS | SR | SS | ST |
===============================================================================
|    huff_code_reg    | Flip-flop |  56   |  Y  | N  | Y  | N  | N  | N  | N  |
===============================================================================

Inferred memory devices in process
        in routine HT line 346 in file
                '../01_RTL/HT.v'.
===============================================================================
|    Register Name    |   Type    | Width | Bus | MB | AR | AS | SR | SS | ST |
===============================================================================
|   merge_nodes_reg   | Flip-flop |  20   |  Y  | N  | Y  | N  | N  | N  | N  |
|   merge_nodes_reg   | Flip-flop |  12   |  Y  | N  | N  | Y  | N  | N  | N  |
===============================================================================

Inferred memory devices in process
        in routine HT line 374 in file
                '../01_RTL/HT.v'.
===============================================================================
|    Register Name    |   Type    | Width | Bus | MB | AR | AS | SR | SS | ST |
===============================================================================
|    root_idx_reg     | Flip-flop |  12   |  Y  | N  | Y  | N  | N  | N  | N  |
|    root_idx_reg     | Flip-flop |  12   |  Y  | N  | N  | Y  | N  | N  | N  |
===============================================================================
Statistics for MUX_OPs
======================================================
| block name/line  | Inputs | Outputs | # sel inputs |
======================================================
|      HT/135      |   8    |    3    |      3       |
|      HT/403      |   8    |    7    |      3       |
======================================================
Presto compilation completed successfully. (HT)
Elaborated 1 design.
Current design is now 'HT'.
Information: Building the design 'SORT_IP' instantiated from design 'HT' with
        the parameters "IP_WIDTH=8". (HDL-193)
Presto compilation completed successfully. (SORT_IP_IP_WIDTH8)
1
# (B-3) set current design
current_design $DESIGN
Current design is 'HT'.
{HT}
link

  Linking design 'HT'
  Using the following designs and libraries:
  --------------------------------------------------------------------------
  * (2 designs)               /RAID2/COURSE/2026_Spring/iclab/iclab067/SPRING2026_LAB06/HT/02_SYN/HT.db, etc
  fsa0m_a_generic_core_ss1p62v125c (library) /RAID2/COURSE/BackUp/2023_Spring/iclab/iclabta01/UMC018_CBDK/CIC/SynopsysDC/db/fsa0m_a_generic_core_ss1p62v125c.db
  fsa0m_a_generic_core_ff1p98vm40c (library) /RAID2/COURSE/BackUp/2023_Spring/iclab/iclabta01/UMC018_CBDK/CIC/SynopsysDC/db/fsa0m_a_generic_core_ff1p98vm40c.db
  fsa0m_a_t33_generic_io_ss1p62v125c (library) /RAID2/COURSE/BackUp/2023_Spring/iclab/iclabta01/UMC018_CBDK/CIC/SynopsysDC/db/fsa0m_a_t33_generic_io_ss1p62v125c.db
  fsa0m_a_t33_generic_io_tt1p8v25c (library) /RAID2/COURSE/BackUp/2023_Spring/iclab/iclabta01/UMC018_CBDK/CIC/SynopsysDC/db/fsa0m_a_t33_generic_io_tt1p8v25c.db
  dw_foundation.sldb (library) /usr/cad/synopsys/synthesis/cur/libraries/syn/dw_foundation.sldb

1
#======================================================
#  Global Setting
#======================================================
set_wire_load_mode top
1
#======================================================
#  Set Design Constraints
#======================================================
# (D-1) Setting Clock Constraints
create_clock -name clk -period $CYCLE [get_ports clk] 
1
set_dont_touch_network             [get_clocks clk]
1
set_fix_hold                       [get_clocks clk]
1
set_clock_uncertainty       0.1    [get_clocks clk]
1
# set_clock_latency   -source 0      [get_clocks clk]
# set_clock_latency           1      [get_clocks clk] 
set_input_transition        0.5    [all_inputs] 
1
set_clock_transition        0.1    [all_clocks] 
1
# (D-2) Setting in/out Constraints
set_input_delay   -max  $INPUT_DLY  -clock clk   [all_inputs] ;  # set_up time check 
1
set_input_delay   -min  0           -clock clk   [all_inputs] ;  # hold   time check 
1
set_output_delay  -max  $OUTPUT_DLY -clock clk   [all_outputs] ; # set_up time check 
1
set_output_delay  -min  0           -clock clk   [all_outputs] ; # hold   time check 
1
set_input_delay 0 -clock clk clk
1
set_input_delay 0 -clock clk rst_n
1
#set_max_delay $CYCLE -from [all_inputs] -to [all_outputs]
# (D-3) Setting Design Environment
# set_driving_cell -library umc18io3v5v_slow -lib_cell P2C    -pin {Y}  [get_ports clk]
# set_driving_cell -library umc18io3v5v_slow -lib_cell P2C    -pin {Y}  [remove_from_collection [all_inputs] [get_ports clk]]
# set_load  [load_of "umc18io3v5v_slow/P8C/A"]       [all_outputs] ; # ~= 0.038
set_load 0.05 [all_outputs]
1
# (D-4) Setting DRC Constraint
#set_max_delay           0     ; # Optimize delay max effort                 
#set_max_area            0      ; # Optimize area max effort           
set_max_transition      3       [all_inputs]   ; # U18 LUT Max Transition Value  
1
set_max_capacitance     0.15    [all_inputs]   ; # U18 LUT Max Capacitance Value
1
set_max_fanout          10      [all_inputs]
1
# set_dont_use slow/JKFF*
#set_dont_touch [get_cells core_reg_macro]
#set hdlin_ff_always_sync_set_reset true
# (D-5) Report Clock skew
report_clock -skew clk
Information: Checking out the license 'DesignWare'. (SEC-104)
Information: Updating design information... (UID-85)
Warning: Design 'HT' contains 1 high-fanout nets. A fanout number of 1000 will be used for delay calculations involving these nets. (TIM-134)
 
****************************************
Report : clock_skew
Design : HT
Version: T-2022.03
Date   : Fri Apr 10 20:12:37 2026
****************************************

                 Rise      Fall  Min Rise  Min fall        Uncertainty
Object          Delay     Delay     Delay     Delay     Plus      Minus
--------------------------------------------------------------------------------
clk                 -         -         -         -      0.10      0.10

                 Max Transition      Min Transition
Object           Rise      Fall      Rise      Fall
-------------------------------------------------------
clk              0.10      0.10      0.10      0.10
1
check_timing

Information: Checking generated_clocks...

Information: Checking loops...

Information: Checking no_input_delay...

Information: Checking unconstrained_endpoints...

Information: Checking pulse_clock_cell_type...

Information: Checking no_driving_cell...

Information: Checking partial_input_delay...
1
#======================================================
#  Optimization
#======================================================
check_design > Report/$DESIGN\.check
set_fix_multiple_port_nets -all -buffer_constants [get_designs *]
1
set_fix_hold [all_clocks]
1
compile_ultra
Information: Performing power optimization. (PWR-850)
Alib files are up-to-date.
Information: Running optimization using a maximum of 8 cores. (OPT-1500)
Information: Evaluating DesignWare library utilization. (UISN-27)

============================================================================
| DesignWare Building Block Library  |         Version         | Available |
============================================================================
| Basic DW Building Blocks           | S-2021.06-DWBB_202106.0 |     *     |
| Licensed DW Building Blocks        | S-2021.06-DWBB_202106.0 |     *     |
============================================================================

====================================================================================================
| Flow Information                                                                                 |
----------------------------------------------------------------------------------------------------
| Flow         | Design Compiler NXT WLM                                                           |
| Comand line  | compile_ultra                                                                     |
====================================================================================================
| Design Information                                      | Value                                  |
====================================================================================================
| Number of Scenarios                                     | 0                                      |
| Leaf Cell Count                                         | 1617                                   |
| Number of User Hierarchies                              | 1                                      |
| Sequential Cell Count                                   | 190                                    |
| Macro Count                                             | 0                                      |
| Number of Power Domains                                 | 0                                      |
| Number of Path Groups                                   | 2                                      |
| Number of VT class                                      | 0                                      |
| Number of Clocks                                        | 1                                      |
| Number of Dont Touch cells                              | 402                                    |
| Number of Dont Touch nets                               | 1                                      |
| Number of size only cells                               | 0                                      |
| Design with UPF Data                                    | false                                  |
----------------------------------------------------------------------------------------------------
| Variables                                               | Value                                  |
----------------------------------------------------------------------------------------------------
| set_fix_multiple_port_nets                              | -all -buffer_constants                 |
====================================================================================================
Information: Sequential output inversion is enabled.  SVF file must be used for formal verification. (OPT-1208)

Information: There are 52 potential problems in your design. Please run 'check_design' for more information. (LINT-99)

  Simplifying Design 'HT'

  Loading target library 'fsa0m_a_generic_core_ff1p98vm40c'
  Loading target library 'fsa0m_a_t33_generic_io_ss1p62v125c'
  Loading target library 'fsa0m_a_t33_generic_io_tt1p8v25c'
Loaded alib file './alib-52/fsa0m_a_generic_core_ss1p62v125c.db.alib'
Loaded alib file './alib-52/fsa0m_a_generic_core_ff1p98vm40c.db.alib'
Loaded alib file './alib-52/fsa0m_a_t33_generic_io_ss1p62v125c.db.alib' (placeholder)
Loaded alib file './alib-52/fsa0m_a_t33_generic_io_tt1p8v25c.db.alib' (placeholder)
Warning: Operating condition WCCOM set on design HT has different process,
voltage and temperatures parameters than the parameters at which target library 
fsa0m_a_generic_core_ff1p98vm40c is characterized. Delays may be inaccurate as a result. (OPT-998)
  Building model 'DW01_NAND2'
Information: Ungrouping hierarchy sorter before Pass 1 (OPT-776)
Information: Ungrouping 1 of 2 hierarchies before Pass 1 (OPT-775)
Information: State dependent leakage is now switched from on to off.

  Beginning Pass 1 Mapping
  ------------------------
  Processing 'HT'
Information: Added key list 'DesignWare' to design 'HT'. (DDB-72)
Information: The register 'merge_nodes_reg[7][0]' is a constant and will be removed. (OPT-1206)
Information: The register 'merge_nodes_reg[7][1]' is a constant and will be removed. (OPT-1206)
Information: The register 'merge_nodes_reg[7][2]' is a constant and will be removed. (OPT-1206)
 Implement Synthetic for 'HT'.

  Updating timing information
Information: Updating design information... (UID-85)
Information: The library cell 'TIE1' in the library 'fsa0m_a_generic_core_ss1p62v125c' is not characterized for internal power. (PWR-536)
Information: The library cell 'TIE0' in the library 'fsa0m_a_generic_core_ss1p62v125c' is not characterized for internal power. (PWR-536)
Information: The library cell 'BHD1' in the library 'fsa0m_a_generic_core_ss1p62v125c' is not characterized for internal power. (PWR-536)
Information: The target library(s) contains cell(s), other than black boxes, that are not characterized for internal power. (PWR-24)

  Beginning Mapping Optimizations  (Ultra High effort)
  -------------------------------
  Mapping Optimization (Phase 1)

                                  TOTAL                                                            
   ELAPSED            WORST NEG   SETUP    DESIGN                              LEAKAGE   MIN DELAY 
    TIME      AREA      SLACK     COST    RULE COST         ENDPOINT            POWER      COST    
  --------- --------- --------- --------- --------- ------------------------- --------- -----------
    0:00:30   38131.9      0.00       0.0       0.0                           2213010.0000      0.00  
    0:00:30   38041.3      0.00       0.0       0.0                           2208818.5000      0.00  

  Beginning Constant Register Removal
  -----------------------------------
    0:00:30   38041.3      0.00       0.0       0.0                           2208818.5000      0.00  
    0:00:30   38041.3      0.00       0.0       0.0                           2208818.5000      0.00  

  Beginning Global Optimizations
  ------------------------------
  Numerical Synthesis (Phase 1)
  Numerical Synthesis (Phase 2)
  Global Optimization (Phase 1)
  Global Optimization (Phase 2)
  Global Optimization (Phase 3)
  Global Optimization (Phase 4)
  Global Optimization (Phase 5)
  Global Optimization (Phase 6)
  Global Optimization (Phase 7)
  Global Optimization (Phase 8)
  Global Optimization (Phase 9)
  Global Optimization (Phase 10)
  Global Optimization (Phase 11)
  Global Optimization (Phase 12)
  Global Optimization (Phase 13)
  Global Optimization (Phase 14)
  Global Optimization (Phase 15)
  Global Optimization (Phase 16)
  Global Optimization (Phase 17)
  Global Optimization (Phase 18)
  Global Optimization (Phase 19)
  Global Optimization (Phase 20)
  Global Optimization (Phase 21)
  Global Optimization (Phase 22)
  Global Optimization (Phase 23)
  Global Optimization (Phase 24)
  Global Optimization (Phase 25)
  Global Optimization (Phase 26)
  Global Optimization (Phase 27)
  Global Optimization (Phase 28)
  Global Optimization (Phase 29)
  Global Optimization (Phase 30)
  Global Optimization (Phase 31)

  Beginning Isolate Ports
  -----------------------

  Beginning Delay Optimization
  ----------------------------
    0:00:31   33876.0      0.99       3.4       7.4                           1771157.8750      0.00  
    0:00:31   34085.3      0.00       0.0       7.4                           1799405.3750      0.00  
    0:00:31   34085.3      0.00       0.0       7.4                           1799405.3750      0.00  
    0:00:31   34085.3      0.00       0.0       7.4                           1799405.3750      0.00  
    0:00:31   34035.3      0.00       0.0       7.4                           1796367.5000      0.00  
    0:00:31   34035.3      0.00       0.0       7.4                           1796367.5000      0.00  

  Beginning WLM Backend Optimization
  --------------------------------------
    0:00:32   33576.0      0.00       0.0       7.4                           1759502.7500      0.00  
    0:00:32   33576.0      0.00       0.0       7.4                           1759502.7500      0.00  
    0:00:32   33576.0      0.00       0.0       7.4                           1759502.7500      0.00  
    0:00:32   33576.0      0.00       0.0       0.0                           1741296.3750      0.00  
    0:00:32   33576.0      0.00       0.0       0.0                           1741296.3750      0.00  
    0:00:32   33576.0      0.00       0.0       0.0                           1741296.3750      0.00  
    0:00:32   33576.0      0.00       0.0       0.0                           1741296.3750      0.00  
    0:00:32   33576.0      0.00       0.0       0.0                           1741296.3750      0.00  
    0:00:32   33576.0      0.00       0.0       0.0                           1741296.3750      0.00  
    0:00:32   33576.0      0.00       0.0       0.0                           1741296.3750      0.00  
    0:00:32   33576.0      0.00       0.0       0.0                           1741296.3750      0.00  
    0:00:32   33576.0      0.00       0.0       0.0                           1741296.3750      0.00  
    0:00:32   33576.0      0.00       0.0       0.0                           1741296.3750      0.00  
    0:00:32   33576.0      0.00       0.0       0.0                           1741296.3750      0.00  
    0:00:32   33576.0      0.00       0.0       0.0                           1741296.3750      0.00  
    0:00:32   33576.0      0.00       0.0       0.0                           1741296.3750      0.00  
    0:00:32   33576.0      0.00       0.0       0.0                           1741296.3750      0.00  
    0:00:32   33576.0      0.00       0.0       0.0                           1741296.3750      0.00  
    0:00:32   33576.0      0.00       0.0       0.0                           1741296.3750      0.00  
    0:00:32   33576.0      0.00       0.0       0.0                           1741296.3750      0.00  
    0:00:32   33576.0      0.00       0.0       0.0                           1741296.3750      0.00  
    0:00:32   33576.0      0.00       0.0       0.0                           1741296.3750      0.00  
    0:00:32   33576.0      0.00       0.0       0.0                           1741296.3750      0.00  
    0:00:32   33576.0      0.00       0.0       0.0                           1741296.3750      0.00  


  Beginning Leakage Power Optimization  (max_leakage_power 0)
  ------------------------------------

                                  TOTAL                                                            
   ELAPSED            WORST NEG   SETUP    DESIGN                              LEAKAGE   MIN DELAY 
    TIME      AREA      SLACK     COST    RULE COST         ENDPOINT            POWER      COST    
  --------- --------- --------- --------- --------- ------------------------- --------- -----------
    0:00:32   33576.0      0.00       0.0       0.0                           1741296.3750      0.00  
  Global Optimization (Phase 32)
  Global Optimization (Phase 33)
  Global Optimization (Phase 34)
  Global Optimization (Phase 35)
  Global Optimization (Phase 36)
  Global Optimization (Phase 37)
  Global Optimization (Phase 38)
  Global Optimization (Phase 39)
  Global Optimization (Phase 40)
  Global Optimization (Phase 41)
  Global Optimization (Phase 42)
  Global Optimization (Phase 43)
  Global Optimization (Phase 44)
    0:00:32   32560.4      0.00       0.0       0.0                           1678845.6250      0.00  
    0:00:32   32560.4      0.00       0.0       0.0                           1678845.6250      0.00  
    0:00:32   32560.4      0.00       0.0       0.0                           1678845.6250      0.00  
    0:00:32   32560.4      0.00       0.0       0.0                           1678845.6250      0.00  
    0:00:32   32560.4      0.00       0.0       0.0                           1678845.6250      0.00  
    0:00:32   32560.4      0.00       0.0       0.0                           1678845.6250      0.00  
    0:00:32   32560.4      0.00       0.0       0.0                           1678845.6250      0.00  
    0:00:32   32560.4      0.00       0.0       0.0                           1678845.6250      0.00  
    0:00:32   32560.4      0.00       0.0       0.0                           1678845.6250      0.00  
    0:00:32   32560.4      0.00       0.0       0.0                           1678845.6250      0.00  
    0:00:32   32560.4      0.00       0.0       0.0                           1678845.6250      0.00  
    0:00:32   32560.4      0.00       0.0       0.0                           1678845.6250      0.00  
    0:00:32   32560.4      0.00       0.0       0.0                           1678845.6250      0.00  
    0:00:32   32560.4      0.00       0.0       0.0                           1678845.6250      0.00  
    0:00:32   32560.4      0.00       0.0       0.0                           1678845.6250      0.00  
    0:00:32   32560.4      0.00       0.0       0.0                           1678845.6250      0.00  
    0:00:32   32560.4      0.00       0.0       0.0                           1678845.6250      0.00  
    0:00:32   32560.4      0.00       0.0       0.0                           1678845.6250      0.00  
    0:00:32   32560.4      0.00       0.0       0.0                           1678845.6250      0.00  
    0:00:32   32560.4      0.00       0.0       0.0                           1678845.6250      0.00  
    0:00:32   32560.4      0.00       0.0       0.0                           1678845.6250      0.00  
    0:00:32   32560.4      0.00       0.0       0.0                           1678845.6250      0.00  

                                  TOTAL                                                            
   ELAPSED            WORST NEG   SETUP    DESIGN                              LEAKAGE   MIN DELAY 
    TIME      AREA      SLACK     COST    RULE COST         ENDPOINT            POWER      COST    
  --------- --------- --------- --------- --------- ------------------------- --------- -----------
    0:00:32   32560.4      0.00       0.0       0.0                           1678845.6250      0.00  
    0:00:32   32522.9      0.00       0.0       0.0                           1675698.3750      0.00  
    0:00:32   32522.9      0.00       0.0       0.0                           1675698.3750      0.00  
    0:00:32   32522.9      0.00       0.0       0.0                           1675698.3750      0.00  
    0:00:33   32522.9      0.00       0.0       0.0                           1675698.3750      0.00  
    0:00:33   32519.8      0.00       0.0       0.0                           1675433.6250      0.00  
    0:00:33   32519.8      0.00       0.0       0.0                           1675433.6250      0.00  
    0:00:33   32519.8      0.00       0.0       0.0                           1675433.6250      0.00  
    0:00:33   32519.8      0.00       0.0       0.0                           1675433.6250      0.00  
    0:00:33   32519.8      0.00       0.0       0.0                           1675433.6250      0.00  
    0:00:33   32519.8      0.00       0.0       0.0                           1675433.6250      0.00  
    0:00:33   32513.5      0.00       0.0       0.0                           1674640.8750      0.00  
Loading db file '/RAID2/COURSE/BackUp/2023_Spring/iclab/iclabta01/UMC018_CBDK/CIC/SynopsysDC/db/fsa0m_a_generic_core_ss1p62v125c.db'
Loading db file '/RAID2/COURSE/BackUp/2023_Spring/iclab/iclabta01/UMC018_CBDK/CIC/SynopsysDC/db/fsa0m_a_generic_core_ff1p98vm40c.db'
Loading db file '/RAID2/COURSE/BackUp/2023_Spring/iclab/iclabta01/UMC018_CBDK/CIC/SynopsysDC/db/fsa0m_a_t33_generic_io_ss1p62v125c.db'
Loading db file '/RAID2/COURSE/BackUp/2023_Spring/iclab/iclabta01/UMC018_CBDK/CIC/SynopsysDC/db/fsa0m_a_t33_generic_io_tt1p8v25c.db'


Note: Symbol # after min delay cost means estimated hold TNS across all active scenarios 


  Optimization Complete
  ---------------------
  Loading target library 'fsa0m_a_generic_core_ff1p98vm40c'
  Loading target library 'fsa0m_a_t33_generic_io_ss1p62v125c'
  Loading target library 'fsa0m_a_t33_generic_io_tt1p8v25c'
Information: State dependent leakage is now switched from off to on.
Information: Propagating switching activity (low effort zero delay simulation). (PWR-6)
1
#======================================================
#  Output Reports
#======================================================
report_design  >  Report/$DESIGN\.design
report_resource >  Report/$DESIGN\.resource
report_timing -max_paths 3 >  Report/$DESIGN\.timing
report_area >  Report/$DESIGN\.area
report_power > Report/$DESIGN\.power
report_clock > Report/$DESIGN\.clock
report_port >  Report/$DESIGN\.port
report_power >  Report/$DESIGN\.power
#report_reference > Report/$DESIGN\.reference
#======================================================
#  Change Naming Rule
#======================================================
set bus_inference_style "%s\[%d\]"
%s[%d]
set bus_naming_style "%s\[%d\]"
%s[%d]
set hdlout_internal_busses true
true
change_names -hierarchy -rule verilog
1
define_name_rules name_rule -allowed "a-z A-Z 0-9 _" -max_length 255 -type cell
1
define_name_rules name_rule -allowed "a-z A-Z 0-9 _[]" -max_length 255 -type net
1
define_name_rules name_rule -map {{"\\*cell\\*" "cell"}}
1
define_name_rules name_rule -case_insensitive
1
change_names -hierarchy -rules name_rule
1
#======================================================
#  Output Results
#======================================================
set verilogout_higher_designs_first true
true
write -format verilog -output Netlist/$DESIGN\_SYN.v -hierarchy
Writing verilog file '/RAID2/COURSE/2026_Spring/iclab/iclab067/SPRING2026_LAB06/HT/02_SYN/Netlist/HT_SYN.v'.
1
write -format ddc     -hierarchy -output $DESIGN\_SYN.ddc
Writing ddc file 'HT_SYN.ddc'.
1
write_sdf -version 3.0 -context verilog -load_delay cell Netlist/$DESIGN\_SYN.sdf -significant_digits 6
Information: Writing timing information to file '/RAID2/COURSE/2026_Spring/iclab/iclab067/SPRING2026_LAB06/HT/02_SYN/Netlist/HT_SYN.sdf'. (WT-3)
Information: Updating design information... (UID-85)
1
write_sdc Netlist/$DESIGN\_SYN.sdc
1
#======================================================
#  Finish and Quit
#======================================================
report_area
 
****************************************
Report : area
Design : HT
Version: T-2022.03
Date   : Fri Apr 10 20:13:13 2026
****************************************

Library(s) Used:

    fsa0m_a_generic_core_ss1p62v125c (File: /RAID2/COURSE/BackUp/2023_Spring/iclab/iclabta01/UMC018_CBDK/CIC/SynopsysDC/db/fsa0m_a_generic_core_ss1p62v125c.db)

Number of ports:                            9
Number of nets:                          1635
Number of cells:                         1619
Number of combinational cells:           1432
Number of sequential cells:               187
Number of macros/black boxes:               0
Number of buf/inv:                        182
Number of references:                      45

Combinational area:              21279.888142
Buf/Inv area:                     1168.675187
Noncombinational area:           11233.656013
Macro/Black Box area:                0.000000
Net Interconnect area:      undefined  (Wire load has zero net area)

Total cell area:                 32513.544155
Total area:                 undefined
1
report_timing 
 
****************************************
Report : timing
        -path full
        -delay max
        -max_paths 1
Design : HT
Version: T-2022.03
Date   : Fri Apr 10 20:13:13 2026
****************************************

Operating Conditions: WCCOM   Library: fsa0m_a_generic_core_ss1p62v125c
Wire Load Model Mode: top

  Startpoint: state_reg_0_
              (rising edge-triggered flip-flop clocked by clk)
  Endpoint: out_code (output port clocked by clk)
  Path Group: clk
  Path Type: max

  Des/Clust/Port     Wire Load Model       Library
  ------------------------------------------------
  HT                 enG5K                 fsa0m_a_generic_core_ss1p62v125c

  Point                                    Incr       Path
  -----------------------------------------------------------
  clock clk (rise edge)                    0.00       0.00
  clock network delay (ideal)              0.00       0.00
  state_reg_0_/CK (QDFFRBN)                0.00       0.00 r
  state_reg_0_/Q (QDFFRBN)                 0.93       0.93 r
  U1817/O (INV1S)                          1.61       2.54 f
  U1818/O (NR2)                            1.43       3.97 r
  U1538/O (ND2S)                           0.44       4.41 f
  U1493/O (ND2S)                           0.46       4.87 r
  U1856/O (INV1S)                          1.10       5.97 f
  U1878/O (AOI22S)                         0.46       6.43 r
  U1515/O (ND3S)                           0.20       6.63 f
  U1879/O (OAI22S)                         0.71       7.34 r
  U1549/O (ND2S)                           0.18       7.52 f
  U2133/O (MOAI1)                          0.68       8.20 r
  U2605/O (OAI22S)                         0.20       8.40 f
  U2606/O (MOAI1S)                         0.34       8.75 f
  U2618/O (MOAI1S)                         0.31       9.05 r
  U2636/O (MOAI1S)                         0.21       9.26 f
  U2637/O (NR2)                            0.59       9.85 r
  out_code (out)                           0.00       9.85 r
  data arrival time                                   9.85

  clock clk (rise edge)                   20.00      20.00
  clock network delay (ideal)              0.00      20.00
  clock uncertainty                       -0.10      19.90
  output external delay                  -10.00       9.90
  data required time                                  9.90
  -----------------------------------------------------------
  data required time                                  9.90
  data arrival time                                  -9.85
  -----------------------------------------------------------
  slack (MET)                                         0.05


1
exit
Memory usage for this session 422 Mbytes.
Memory usage for this session including child processes 580 Mbytes.
CPU usage for this session 41 seconds ( 0.01 hours ).
Elapsed time for this session 41 seconds ( 0.01 hours ).

Thank you...

