Initializing gui preferences from file  /RAID2/COURSE/2026_Spring/iclab/iclab067/.synopsys_dc_gui/preferences.tcl
#======================================================
#
# Synopsys Synthesis Scripts (Design Vision dctcl mode)
#
#======================================================
#======================================================
#  Set Libraries
#======================================================
#
#set search_path {./../01_RTL \
                 #./../04_MEM/ \
                                 #/RAID2/COURSE/BackUp/2023_Spring/iclab/iclabta01/UMC018_CBDK/CIC/SynopsysDC/db/ \
                 #/~iclabta01/umc018/Synthesis/ }
#/usr/synthesis/libraries/syn/ \
                 #/usr/synthesis/dw/ }
#set synthetic_library {dw_foundation.sldb}
#set link_library {MYMEMORY_WC.db MEMORY2_WC.db fsa0m_a_generic_core_ss1p62v125c.db fsa0m_a_generic_core_ff1p98vm40c.db fsa0m_a_t33_generic_io_ss1p62v125c.db fsa0m_a_t33_generic_io_tt1p8v25c.db dw_foundation.sldb} 
#set target_library {slow.db}
#
#======================================================
# (A) Global Parameters
#======================================================
set DESIGN "DRCA"
DRCA
set CYCLE 10.0
10.0
#set CYCLE 15
#set INPUT_DLY 0]
#set OUTPUT_DLY 0
#======================================================
# (B) Read RTL Code
#======================================================
# (B-1) analyze + elaborate
set hdlin_auto_save_templates TRUE
TRUE
analyze -f sverilog $DESIGN\.v 
Running PRESTO HDLC
Compiling source file ../01_RTL/DRCA.v
Presto compilation completed successfully.
Loading db file '/RAID2/COURSE/BackUp/2023_Spring/iclab/iclabta01/UMC018_CBDK/CIC/SynopsysDC/db/fsa0m_a_generic_core_ss1p62v125c.db'
Loading db file '/RAID2/COURSE/BackUp/2023_Spring/iclab/iclabta01/UMC018_CBDK/CIC/SynopsysDC/db/fsa0m_a_generic_core_ff1p98vm40c.db'
Loading db file '/RAID2/COURSE/BackUp/2023_Spring/iclab/iclabta01/UMC018_CBDK/CIC/SynopsysDC/db/fsa0m_a_t33_generic_io_ss1p62v125c.db'
Loading db file '/RAID2/COURSE/BackUp/2023_Spring/iclab/iclabta01/UMC018_CBDK/CIC/SynopsysDC/db/fsa0m_a_t33_generic_io_tt1p8v25c.db'
Loading db file '/usr/cad/synopsys/synthesis/cur/libraries/syn/dw_foundation.sldb'
Loading db file '/usr/cad/synopsys/synthesis/cur/libraries/syn/standard.sldb'
1
elaborate $DESIGN  
Loading db file '/usr/cad/synopsys/synthesis/2022.03/libraries/syn/gtech.db'
Loading db file '/usr/cad/synopsys/synthesis/2022.03/libraries/syn/standard.sldb'
  Loading link library 'fsa0m_a_generic_core_ss1p62v125c'
  Loading link library 'fsa0m_a_generic_core_ff1p98vm40c'
  Loading link library 'fsa0m_a_t33_generic_io_ss1p62v125c'
  Loading link library 'fsa0m_a_t33_generic_io_tt1p8v25c'
  Loading link library 'gtech'
Running PRESTO HDLC
Warning:  ../01_RTL/DRCA.v:269: signed to unsigned assignment occurs. (VER-318)
Warning:  ../01_RTL/DRCA.v:284: signed to unsigned conversion occurs. (VER-318)

Statistics for case statements in always block at line 238 in file
        '../01_RTL/DRCA.v'
===============================================
|           Line           |  full/ parallel  |
===============================================
|           253            |    auto/auto     |
===============================================
Presto compilation completed successfully. (DRCA)
Elaborated 1 design.
Current design is now 'DRCA'.
Information: Building the design 'RuleValMode_Decoder'. (HDL-193)

Statistics for case statements in always block at line 59 in file
        '../01_RTL/DRCA.v'
===============================================
|           Line           |  full/ parallel  |
===============================================
|            60            |    auto/auto     |
|            68            |    auto/auto     |
===============================================
Presto compilation completed successfully. (RuleValMode_Decoder)
Information: Building the design 'CheckMask'. (HDL-193)
Presto compilation completed successfully. (CheckMask)
Information: Building the design 'RowModLite'. (HDL-193)
Warning:  ../01_RTL/DRCA.v:138: DEFAULT branch of CASE statement cannot be reached. (ELAB-311)

Statistics for case statements in always block at line 132 in file
        '../01_RTL/DRCA.v'
===============================================
|           Line           |  full/ parallel  |
===============================================
|           138            |    auto/auto     |
===============================================
Presto compilation completed successfully. (RowModLite)
1
# (B-2) read_sverilog
#read_sverilog $DESIGN\.v
# (B-3) set current design
current_design $DESIGN
Current design is 'DRCA'.
{DRCA}
link

  Linking design 'DRCA'
  Using the following designs and libraries:
  --------------------------------------------------------------------------
  * (4 designs)               /RAID2/COURSE/2026_Spring/iclab/iclab067/SPRING2026_LAB01/02_SYN/DRCA.db, etc
  fsa0m_a_generic_core_ss1p62v125c (library) /RAID2/COURSE/BackUp/2023_Spring/iclab/iclabta01/UMC018_CBDK/CIC/SynopsysDC/db/fsa0m_a_generic_core_ss1p62v125c.db
  fsa0m_a_generic_core_ff1p98vm40c (library) /RAID2/COURSE/BackUp/2023_Spring/iclab/iclabta01/UMC018_CBDK/CIC/SynopsysDC/db/fsa0m_a_generic_core_ff1p98vm40c.db
  fsa0m_a_t33_generic_io_ss1p62v125c (library) /RAID2/COURSE/BackUp/2023_Spring/iclab/iclabta01/UMC018_CBDK/CIC/SynopsysDC/db/fsa0m_a_t33_generic_io_ss1p62v125c.db
  fsa0m_a_t33_generic_io_tt1p8v25c (library) /RAID2/COURSE/BackUp/2023_Spring/iclab/iclabta01/UMC018_CBDK/CIC/SynopsysDC/db/fsa0m_a_t33_generic_io_tt1p8v25c.db
  dw_foundation.sldb (library) /usr/cad/synopsys/synthesis/cur/libraries/syn/dw_foundation.sldb

1
#======================================================
#  (C) Global Setting
#======================================================
set_wire_load_mode top
1
#======================================================
#  (D) Set Design Constraints
#======================================================
# (D-1) Setting Clock Constraints
create_clock -name clk -period $CYCLE 
Warning: Creating virtual clock named 'clk' with no sources. (UID-348)
1
set_input_transition        0.5    [all_inputs]  
1
# (D-2) Setting in/out Constraints
set_input_delay   0.0  -clock clk   [all_inputs] ;  # set_up time check  
1
set_output_delay  0.0  -clock clk   [all_outputs] ; # set_up time check 
1
# (D-3) Setting Design Environment
set_load 0.05 [all_outputs]
1
# (D-4) Setting DRC Constraint
#set_max_delay           0     ; # Optimize delay max effort                 
set_max_area            0      ; # Optimize area max effort           
1
set_max_transition      3       [all_inputs]   ; # U18 LUT Max Transition Value  
1
set_max_capacitance     0.15    [all_inputs]   ; # U18 LUT Max Capacitance Value
1
set_max_fanout          10      [all_inputs]
1
check_timing
Information: Checking out the license 'DesignWare'. (SEC-104)
Information: Updating design information... (UID-85)
Warning: Design 'DRCA' contains 2 high-fanout nets. A fanout number of 1000 will be used for delay calculations involving these nets. (TIM-134)

Information: Checking generated_clocks...

Information: Checking loops...

Information: Checking no_input_delay...

Information: Checking unconstrained_endpoints...

Information: Checking pulse_clock_cell_type...

Information: Checking no_driving_cell...

Information: Checking partial_input_delay...
1
#======================================================
#  (E) Optimization
#======================================================
check_design > Report/$DESIGN\.check
set_fix_multiple_port_nets -all -buffer_constants [get_designs *]
1
#set_fix_hold [all_clocks]
compile_ultra
Information: Performing power optimization. (PWR-850)
Alib files are up-to-date.
Information: Running optimization using a maximum of 8 cores. (OPT-1500)
Information: Evaluating DesignWare library utilization. (UISN-27)

============================================================================
| DesignWare Building Block Library  |         Version         | Available |
============================================================================
| Basic DW Building Blocks           | S-2021.06-DWBB_202106.0 |     *     |
| Licensed DW Building Blocks        | S-2021.06-DWBB_202106.0 |     *     |
============================================================================

====================================================================================================
| Flow Information                                                                                 |
----------------------------------------------------------------------------------------------------
| Flow         | Design Compiler NXT WLM                                                           |
| Comand line  | compile_ultra                                                                     |
====================================================================================================
| Design Information                                      | Value                                  |
====================================================================================================
| Number of Scenarios                                     | 0                                      |
| Leaf Cell Count                                         | 48524                                  |
| Number of User Hierarchies                              | 67                                     |
| Sequential Cell Count                                   | 0                                      |
| Macro Count                                             | 0                                      |
| Number of Power Domains                                 | 0                                      |
| Number of Path Groups                                   | 2                                      |
| Number of VT class                                      | 0                                      |
| Number of Clocks                                        | 1                                      |
| Number of Dont Touch cells                              | 296                                    |
| Number of Dont Touch nets                               | 0                                      |
| Number of size only cells                               | 0                                      |
| Design with UPF Data                                    | false                                  |
----------------------------------------------------------------------------------------------------
| Variables                                               | Value                                  |
----------------------------------------------------------------------------------------------------
| set_fix_multiple_port_nets                              | -all -buffer_constants                 |
====================================================================================================
Information: Sequential output inversion is enabled.  SVF file must be used for formal verification. (OPT-1208)

Information: There are 174 potential problems in your design. Please run 'check_design' for more information. (LINT-99)

Information: Uniquified 34 instances of design 'CheckMask'. (OPT-1056)
Information: Uniquified 32 instances of design 'RowModLite'. (OPT-1056)
  Simplifying Design 'DRCA'

  Loading target library 'fsa0m_a_generic_core_ff1p98vm40c'
  Loading target library 'fsa0m_a_t33_generic_io_ss1p62v125c'
  Loading target library 'fsa0m_a_t33_generic_io_tt1p8v25c'
Loaded alib file './alib-52/fsa0m_a_generic_core_ss1p62v125c.db.alib'
Loaded alib file './alib-52/fsa0m_a_generic_core_ff1p98vm40c.db.alib'
Loaded alib file './alib-52/fsa0m_a_t33_generic_io_ss1p62v125c.db.alib' (placeholder)
Loaded alib file './alib-52/fsa0m_a_t33_generic_io_tt1p8v25c.db.alib' (placeholder)
Warning: Operating condition WCCOM set on design DRCA has different process,
voltage and temperatures parameters than the parameters at which target library 
fsa0m_a_generic_core_ff1p98vm40c is characterized. Delays may be inaccurate as a result. (OPT-998)
  Building model 'DW01_NAND2'
Information: Ungrouping hierarchy rvm_decoder before Pass 1 (OPT-776)
Information: Ungrouping hierarchy h_checkmask[0].cm_h before Pass 1 (OPT-776)
Information: Ungrouping hierarchy h_row_mods[0].row_mod_h before Pass 1 (OPT-776)
Information: Ungrouping hierarchy v_checkmask[16].cm_v before Pass 1 (OPT-776)
Information: Ungrouping hierarchy v_checkmask[15].cm_v before Pass 1 (OPT-776)
Information: Ungrouping hierarchy v_checkmask[14].cm_v before Pass 1 (OPT-776)
Information: Ungrouping hierarchy v_checkmask[13].cm_v before Pass 1 (OPT-776)
Information: Ungrouping hierarchy v_checkmask[12].cm_v before Pass 1 (OPT-776)
Information: Ungrouping hierarchy v_checkmask[11].cm_v before Pass 1 (OPT-776)
Information: Ungrouping hierarchy v_checkmask[10].cm_v before Pass 1 (OPT-776)
Information: Ungrouping hierarchy v_checkmask[9].cm_v before Pass 1 (OPT-776)
Information: Ungrouping hierarchy v_checkmask[8].cm_v before Pass 1 (OPT-776)
Information: Ungrouping hierarchy v_checkmask[7].cm_v before Pass 1 (OPT-776)
Information: Ungrouping hierarchy v_checkmask[6].cm_v before Pass 1 (OPT-776)
Information: Ungrouping hierarchy v_checkmask[5].cm_v before Pass 1 (OPT-776)
Information: Ungrouping hierarchy v_checkmask[4].cm_v before Pass 1 (OPT-776)
Information: Ungrouping hierarchy v_checkmask[3].cm_v before Pass 1 (OPT-776)
Information: Ungrouping hierarchy v_checkmask[2].cm_v before Pass 1 (OPT-776)
Information: Ungrouping hierarchy v_checkmask[1].cm_v before Pass 1 (OPT-776)
Information: Ungrouping hierarchy v_checkmask[0].cm_v before Pass 1 (OPT-776)
Information: Ungrouping hierarchy h_checkmask[16].cm_h before Pass 1 (OPT-776)
Information: Ungrouping hierarchy h_checkmask[15].cm_h before Pass 1 (OPT-776)
Information: Ungrouping hierarchy h_checkmask[14].cm_h before Pass 1 (OPT-776)
Information: Ungrouping hierarchy h_checkmask[13].cm_h before Pass 1 (OPT-776)
Information: Ungrouping hierarchy h_checkmask[12].cm_h before Pass 1 (OPT-776)
Information: Ungrouping hierarchy h_checkmask[11].cm_h before Pass 1 (OPT-776)
Information: Ungrouping hierarchy h_checkmask[10].cm_h before Pass 1 (OPT-776)
Information: Ungrouping hierarchy h_checkmask[9].cm_h before Pass 1 (OPT-776)
Information: Ungrouping hierarchy h_checkmask[8].cm_h before Pass 1 (OPT-776)
Information: Ungrouping hierarchy h_checkmask[7].cm_h before Pass 1 (OPT-776)
Information: Ungrouping hierarchy h_checkmask[6].cm_h before Pass 1 (OPT-776)
Information: Ungrouping hierarchy h_checkmask[5].cm_h before Pass 1 (OPT-776)
Information: Ungrouping hierarchy h_checkmask[4].cm_h before Pass 1 (OPT-776)
Information: Ungrouping hierarchy h_checkmask[3].cm_h before Pass 1 (OPT-776)
Information: Ungrouping hierarchy h_checkmask[2].cm_h before Pass 1 (OPT-776)
Information: Ungrouping hierarchy h_checkmask[1].cm_h before Pass 1 (OPT-776)
Information: Ungrouping hierarchy v_row_mods[15].row_mod_v before Pass 1 (OPT-776)
Information: Ungrouping hierarchy v_row_mods[14].row_mod_v before Pass 1 (OPT-776)
Information: Ungrouping hierarchy v_row_mods[13].row_mod_v before Pass 1 (OPT-776)
Information: Ungrouping hierarchy v_row_mods[12].row_mod_v before Pass 1 (OPT-776)
Information: Ungrouping hierarchy v_row_mods[11].row_mod_v before Pass 1 (OPT-776)
Information: Ungrouping hierarchy v_row_mods[10].row_mod_v before Pass 1 (OPT-776)
Information: Ungrouping hierarchy v_row_mods[9].row_mod_v before Pass 1 (OPT-776)
Information: Ungrouping hierarchy v_row_mods[8].row_mod_v before Pass 1 (OPT-776)
Information: Ungrouping hierarchy v_row_mods[7].row_mod_v before Pass 1 (OPT-776)
Information: Ungrouping hierarchy v_row_mods[6].row_mod_v before Pass 1 (OPT-776)
Information: Ungrouping hierarchy v_row_mods[5].row_mod_v before Pass 1 (OPT-776)
Information: Ungrouping hierarchy v_row_mods[4].row_mod_v before Pass 1 (OPT-776)
Information: Ungrouping hierarchy v_row_mods[3].row_mod_v before Pass 1 (OPT-776)
Information: Ungrouping hierarchy v_row_mods[2].row_mod_v before Pass 1 (OPT-776)
Information: Ungrouping hierarchy v_row_mods[1].row_mod_v before Pass 1 (OPT-776)
Information: Ungrouping hierarchy v_row_mods[0].row_mod_v before Pass 1 (OPT-776)
Information: Ungrouping hierarchy h_row_mods[15].row_mod_h before Pass 1 (OPT-776)
Information: Ungrouping hierarchy h_row_mods[14].row_mod_h before Pass 1 (OPT-776)
Information: Ungrouping hierarchy h_row_mods[13].row_mod_h before Pass 1 (OPT-776)
Information: Ungrouping hierarchy h_row_mods[12].row_mod_h before Pass 1 (OPT-776)
Information: Ungrouping hierarchy h_row_mods[11].row_mod_h before Pass 1 (OPT-776)
Information: Ungrouping hierarchy h_row_mods[10].row_mod_h before Pass 1 (OPT-776)
Information: Ungrouping hierarchy h_row_mods[9].row_mod_h before Pass 1 (OPT-776)
Information: Ungrouping hierarchy h_row_mods[8].row_mod_h before Pass 1 (OPT-776)
Information: Ungrouping hierarchy h_row_mods[7].row_mod_h before Pass 1 (OPT-776)
Information: Ungrouping hierarchy h_row_mods[6].row_mod_h before Pass 1 (OPT-776)
Information: Ungrouping hierarchy h_row_mods[5].row_mod_h before Pass 1 (OPT-776)
Information: Ungrouping hierarchy h_row_mods[4].row_mod_h before Pass 1 (OPT-776)
Information: Ungrouping hierarchy h_row_mods[3].row_mod_h before Pass 1 (OPT-776)
Information: Ungrouping hierarchy h_row_mods[2].row_mod_h before Pass 1 (OPT-776)
Information: Ungrouping hierarchy h_row_mods[1].row_mod_h before Pass 1 (OPT-776)
Information: Ungrouping 67 of 68 hierarchies before Pass 1 (OPT-775)
Information: State dependent leakage is now switched from on to off.

  Beginning Pass 1 Mapping
  ------------------------
  Processing 'DRCA'
Information: Added key list 'DesignWare' to design 'DRCA'. (DDB-72)
 Implement Synthetic for 'DRCA'.

  Updating timing information
Information: Updating design information... (UID-85)
Information: The library cell 'TIE1' in the library 'fsa0m_a_generic_core_ss1p62v125c' is not characterized for internal power. (PWR-536)
Information: The library cell 'TIE0' in the library 'fsa0m_a_generic_core_ss1p62v125c' is not characterized for internal power. (PWR-536)
Information: The library cell 'BHD1' in the library 'fsa0m_a_generic_core_ss1p62v125c' is not characterized for internal power. (PWR-536)
Information: The target library(s) contains cell(s), other than black boxes, that are not characterized for internal power. (PWR-24)

  Beginning Mapping Optimizations  (Ultra High effort)
  -------------------------------
  Mapping Optimization (Phase 1)
  Mapping Optimization (Phase 2)

                                  TOTAL                                                
   ELAPSED            WORST NEG   SETUP    DESIGN                              LEAKAGE 
    TIME      AREA      SLACK     COST    RULE COST         ENDPOINT            POWER  
  --------- --------- --------- --------- --------- ------------------------- ---------
    0:01:45  724441.1      0.65       1.5     420.2                           49415540.0000
    0:01:46  724381.8      0.68       1.5     420.2                           49411812.0000

  Beginning Constant Register Removal
  -----------------------------------
    0:01:46  724381.8      0.68       1.5     420.2                           49411812.0000
    0:01:47  724381.8      0.68       1.5     420.2                           49411812.0000

  Beginning Global Optimizations
  ------------------------------
  Numerical Synthesis (Phase 1)
  Numerical Synthesis (Phase 2)
  Global Optimization (Phase 1)
  Global Optimization (Phase 2)
  Global Optimization (Phase 3)
  Global Optimization (Phase 4)
  Global Optimization (Phase 5)
  Global Optimization (Phase 6)
  Global Optimization (Phase 7)
  Global Optimization (Phase 8)
  Global Optimization (Phase 9)
  Global Optimization (Phase 10)
  Global Optimization (Phase 11)
  Global Optimization (Phase 12)
  Global Optimization (Phase 13)
  Global Optimization (Phase 14)
  Global Optimization (Phase 15)
  Global Optimization (Phase 16)
  Global Optimization (Phase 17)
  Global Optimization (Phase 18)
  Global Optimization (Phase 19)
  Global Optimization (Phase 20)
  Global Optimization (Phase 21)
  Global Optimization (Phase 22)
  Global Optimization (Phase 23)
  Global Optimization (Phase 24)
  Global Optimization (Phase 25)
  Global Optimization (Phase 26)
  Global Optimization (Phase 27)
  Global Optimization (Phase 28)
  Global Optimization (Phase 29)
  Global Optimization (Phase 30)
  Mapping 'DRCA_DP_OP_34768J1_154_5342_0'
  Mapping 'DRCA_DP_OP_34749J1_135_6321_1'

  Beginning Isolate Ports
  -----------------------

  Beginning Delay Optimization
  ----------------------------
    0:01:51  537546.9      1.44       4.0     218.5                           33560696.0000
    0:01:54  555495.7      0.69       1.7     309.5                           35136592.0000
    0:01:54  555495.7      0.69       1.7     309.5                           35136592.0000
    0:01:54  555495.7      0.69       1.7     309.5                           35136592.0000
    0:02:03  547961.8      0.69       1.7     309.5                           34920680.0000
    0:02:04  547961.8      0.69       1.7     309.5                           34920680.0000

  Beginning WLM Backend Optimization
  --------------------------------------
    0:02:13  540856.0      0.68       1.6     309.5                           34347048.0000
    0:02:13  540243.6      0.68       1.6     304.9                           34299688.0000
    0:02:15  542746.5      0.61       1.4     414.5                           34485024.0000
    0:02:15  542746.5      0.61       1.4     414.5                           34485024.0000
    0:02:15  540190.4      0.61       1.5     414.5                           34213184.0000
    0:02:15  540190.4      0.61       1.5     414.5                           34213184.0000
    0:02:24  567523.1      0.43       0.9     415.2                           36549808.0000
    0:02:24  567523.1      0.43       0.9     415.2                           36549808.0000
    0:02:26  581240.9      0.27       0.5     441.3                           37565500.0000
    0:02:26  581240.9      0.27       0.5     441.3                           37565500.0000
    0:02:39  610701.5      0.21       0.4     487.5                           40141544.0000
    0:02:39  610701.5      0.21       0.4     487.5                           40141544.0000
    0:02:42  625834.9      0.00       0.0     487.5                           41498420.0000
    0:02:42  625834.9      0.00       0.0     487.5                           41498420.0000
    0:02:42  625834.9      0.00       0.0     487.5                           41498420.0000
    0:02:42  625834.9      0.00       0.0     487.5                           41498420.0000
    0:02:42  625834.9      0.00       0.0     487.5                           41498420.0000
    0:02:42  625834.9      0.00       0.0     487.5                           41498420.0000
    0:02:42  625834.9      0.00       0.0     487.5                           41498420.0000
    0:02:42  625834.9      0.00       0.0     487.5                           41498420.0000
    0:02:42  625834.9      0.00       0.0     487.5                           41498420.0000
    0:02:42  625834.9      0.00       0.0     487.5                           41498420.0000
    0:02:42  625834.9      0.00       0.0     487.5                           41498420.0000


  Beginning Design Rule Fixing  (max_fanout)  (max_capacitance)
  ----------------------------

                                  TOTAL                                                
   ELAPSED            WORST NEG   SETUP    DESIGN                              LEAKAGE 
    TIME      AREA      SLACK     COST    RULE COST         ENDPOINT            POWER  
  --------- --------- --------- --------- --------- ------------------------- ---------
    0:02:42  625834.9      0.00       0.0     487.5                           41498420.0000
  Global Optimization (Phase 31)
  Global Optimization (Phase 32)
  Global Optimization (Phase 33)
    0:02:45  627956.7      0.00       0.0       0.0                           41689440.0000
    0:02:45  627956.7      0.00       0.0       0.0                           41689440.0000


  Beginning Leakage Power Optimization  (max_leakage_power 0)
  ------------------------------------

                                  TOTAL                                                
   ELAPSED            WORST NEG   SETUP    DESIGN                              LEAKAGE 
    TIME      AREA      SLACK     COST    RULE COST         ENDPOINT            POWER  
  --------- --------- --------- --------- --------- ------------------------- ---------
    0:02:45  627956.7      0.00       0.0       0.0                           41689440.0000
  Global Optimization (Phase 34)
  Global Optimization (Phase 35)
  Global Optimization (Phase 36)
  Global Optimization (Phase 37)
  Global Optimization (Phase 38)
  Global Optimization (Phase 39)
  Global Optimization (Phase 40)
  Global Optimization (Phase 41)
  Global Optimization (Phase 42)
  Global Optimization (Phase 43)
  Global Optimization (Phase 44)
  Global Optimization (Phase 45)
  Global Optimization (Phase 46)
  Global Optimization (Phase 47)
  Global Optimization (Phase 48)
  Global Optimization (Phase 49)
    0:02:54  568182.4      0.11       0.2       0.0                           36926636.0000
    0:03:03  586237.5      0.00       0.0     272.4                           38479712.0000
    0:03:03  586237.5      0.00       0.0     272.4                           38479712.0000
    0:03:04  573647.7      0.00       0.0     234.9                           37324576.0000
    0:03:04  573647.7      0.00       0.0     234.9                           37324576.0000
    0:03:04  573647.7      0.00       0.0     234.9                           37324576.0000
    0:03:04  573647.7      0.00       0.0     234.9                           37324576.0000
    0:03:04  573647.7      0.00       0.0     234.9                           37324576.0000
    0:03:04  573647.7      0.00       0.0     234.9                           37324576.0000
    0:03:04  573647.7      0.00       0.0     234.9                           37324576.0000
    0:03:04  573647.7      0.00       0.0     234.9                           37324576.0000
    0:03:04  573647.7      0.00       0.0     234.9                           37324576.0000
    0:03:04  573647.7      0.00       0.0     234.9                           37324576.0000
    0:03:04  573647.7      0.00       0.0     234.9                           37324576.0000
    0:03:04  573647.7      0.00       0.0     234.9                           37324576.0000
    0:03:04  573647.7      0.00       0.0     234.9                           37324576.0000
    0:03:04  573647.7      0.00       0.0     234.9                           37324576.0000
    0:03:04  573647.7      0.00       0.0     234.9                           37324576.0000
    0:03:04  573647.7      0.00       0.0     234.9                           37324576.0000
    0:03:04  573647.7      0.00       0.0     234.9                           37324576.0000
    0:03:04  573647.7      0.00       0.0     234.9                           37324576.0000
    0:03:04  573647.7      0.00       0.0     234.9                           37324576.0000

                                  TOTAL                                                
   ELAPSED            WORST NEG   SETUP    DESIGN                              LEAKAGE 
    TIME      AREA      SLACK     COST    RULE COST         ENDPOINT            POWER  
  --------- --------- --------- --------- --------- ------------------------- ---------
    0:03:05  573647.7      0.00       0.0     234.9                           37324576.0000
    0:03:08  544743.3      0.01       0.0     213.5                           34714480.0000
    0:03:08  544755.8      0.00       0.0     213.5                           34714784.0000
    0:03:08  544755.8      0.00       0.0     213.5                           34714784.0000
    0:03:09  543234.0      0.00       0.0     213.5                           34585224.0000
    0:03:11  539599.8      0.00       0.0     213.5                           34259988.0000
    0:03:16  544474.5      0.82       2.4       3.8 drc_out[4]                34709156.0000
    0:03:20  553342.7      0.72       2.1       3.8 drc_out[4]                35561824.0000
    0:03:23  560282.9      0.19       0.4       3.8 drc_out[4]                36237260.0000
    0:03:26  565070.1      0.14       0.3       3.8 drc_out[4]                36687104.0000
    0:03:29  569451.1      0.10       0.2       3.8 drc_out[4]                37076828.0000
    0:03:31  571816.5      0.09       0.2       0.0 drc_out[4]                37282036.0000
    0:03:34  574541.4      0.06       0.1       0.0 drc_out[4]                37546384.0000
    0:03:36  576128.8      0.00       0.0       0.0 drc_out[4]                37655064.0000
    0:03:36  576303.7      0.00       0.0       0.0                           37665884.0000
    0:03:36  576303.7      0.00       0.0       0.0                           37665884.0000
    0:03:36  576303.7      0.00       0.0       0.0                           37665884.0000
    0:03:36  576303.7      0.00       0.0       0.0                           37665884.0000
    0:03:36  576303.7      0.00       0.0       0.0                           37665884.0000
    0:03:36  576303.7      0.00       0.0       0.0                           37665884.0000
    0:03:45  538881.1      0.00       0.0       0.0                           34443316.0000
Loading db file '/RAID2/COURSE/BackUp/2023_Spring/iclab/iclabta01/UMC018_CBDK/CIC/SynopsysDC/db/fsa0m_a_generic_core_ss1p62v125c.db'
Loading db file '/RAID2/COURSE/BackUp/2023_Spring/iclab/iclabta01/UMC018_CBDK/CIC/SynopsysDC/db/fsa0m_a_generic_core_ff1p98vm40c.db'
Loading db file '/RAID2/COURSE/BackUp/2023_Spring/iclab/iclabta01/UMC018_CBDK/CIC/SynopsysDC/db/fsa0m_a_t33_generic_io_ss1p62v125c.db'
Loading db file '/RAID2/COURSE/BackUp/2023_Spring/iclab/iclabta01/UMC018_CBDK/CIC/SynopsysDC/db/fsa0m_a_t33_generic_io_tt1p8v25c.db'


Note: Symbol # after min delay cost means estimated hold TNS across all active scenarios 


  Optimization Complete
  ---------------------
  Loading target library 'fsa0m_a_generic_core_ff1p98vm40c'
  Loading target library 'fsa0m_a_t33_generic_io_ss1p62v125c'
  Loading target library 'fsa0m_a_t33_generic_io_tt1p8v25c'
Information: State dependent leakage is now switched from off to on.
Information: Propagating switching activity (low effort zero delay simulation). (PWR-6)
1
#uniquify
#compile
#======================================================
#  (F) Output Reports 
#======================================================
report_design  >  Report/$DESIGN\.design
report_resource >  Report/$DESIGN\.resource
report_timing -max_paths 3 >  Report/$DESIGN\.timing
report_area -hierarchy > Report/$DESIGN\.area
report_power > Report/$DESIGN\.power
report_clock > Report/$DESIGN\.clock
report_port >  Report/$DESIGN\.port
report_power >  Report/$DESIGN\.power
report_reference > Report/$DESIGN\.reference
#======================================================
#  (G) Change Naming Rule
#======================================================
set bus_inference_style "%s\[%d\]"
%s[%d]
set bus_naming_style "%s\[%d\]"
%s[%d]
set hdlout_internal_busses true
true
change_names -hierarchy -rule verilog
1
define_name_rules name_rule -allowed "a-z A-Z 0-9 _" -max_length 255 -type cell
1
define_name_rules name_rule -allowed "a-z A-Z 0-9 _[]" -max_length 255 -type net
1
define_name_rules name_rule -map {{"\\*cell\\*" "cell"}}
1
define_name_rules name_rule -case_insensitive
1
change_names -hierarchy -rules name_rule
1
#======================================================
#  (H) Output Results
#======================================================
set verilogout_higher_designs_first true
true
write -format verilog -output Netlist/$DESIGN\_SYN.v -hierarchy
Writing verilog file '/RAID2/COURSE/2026_Spring/iclab/iclab067/SPRING2026_LAB01/02_SYN/Netlist/DRCA_SYN.v'.
1
write -format ddc     -hierarchy -output $DESIGN\_SYN.ddc
Writing ddc file 'DRCA_SYN.ddc'.
1
write_sdf -version 3.0 -context verilog -load_delay cell Netlist/$DESIGN\_SYN.sdf -significant_digits 6
Information: Writing timing information to file '/RAID2/COURSE/2026_Spring/iclab/iclab067/SPRING2026_LAB01/02_SYN/Netlist/DRCA_SYN.sdf'. (WT-3)
Information: Updating design information... (UID-85)
1
write_sdc Netlist/$DESIGN\_SYN.sdc
1
#======================================================
#  (I) Finish and Quit
#======================================================
report_area
 
****************************************
Report : area
Design : DRCA
Version: T-2022.03
Date   : Fri Mar  6 21:19:18 2026
****************************************

Library(s) Used:

    fsa0m_a_generic_core_ss1p62v125c (File: /RAID2/COURSE/BackUp/2023_Spring/iclab/iclabta01/UMC018_CBDK/CIC/SynopsysDC/db/fsa0m_a_generic_core_ss1p62v125c.db)

Number of ports:                          313
Number of nets:                         22990
Number of cells:                        20203
Number of combinational cells:          20203
Number of sequential cells:                 0
Number of macros/black boxes:               0
Number of buf/inv:                       3286
Number of references:                     142

Combinational area:             538881.139944
Buf/Inv area:                    37147.622308
Noncombinational area:               0.000000
Macro/Black Box area:                0.000000
Net Interconnect area:      undefined  (Wire load has zero net area)

Total cell area:                538881.139944
Total area:                 undefined
1
report_timing 
 
****************************************
Report : timing
        -path full
        -delay max
        -max_paths 1
Design : DRCA
Version: T-2022.03
Date   : Fri Mar  6 21:19:18 2026
****************************************

Operating Conditions: WCCOM   Library: fsa0m_a_generic_core_ss1p62v125c
Wire Load Model Mode: top

  Startpoint: drc_sel[1] (input port clocked by clk)
  Endpoint: drc_out[4] (output port clocked by clk)
  Path Group: clk
  Path Type: max

  Des/Clust/Port     Wire Load Model       Library
  ------------------------------------------------
  DRCA               enG100K               fsa0m_a_generic_core_ss1p62v125c

  Point                                    Incr       Path
  -----------------------------------------------------------
  clock clk (rise edge)                    0.00       0.00
  clock network delay (ideal)              0.00       0.00
  input external delay                     0.00       0.00 f
  drc_sel[1] (in)                          0.00       0.00 f
  U13036/O (INV2)                          0.26       0.26 r
  U13014/O (NR2F)                          0.13       0.39 f
  U18352/O (XOR2HT)                        0.22       0.61 f
  U14237/O (INV12)                         0.17       0.78 r
  U12812/O (XOR2H)                         0.32       1.09 r
  U17453/O (ND3P)                          0.18       1.27 f
  U12559/O (INV3)                          0.17       1.45 r
  U23932/O (ND3P)                          0.11       1.56 f
  U12370/O (BUF4)                          0.31       1.87 f
  U15197/O (NR2)                           0.26       2.13 r
  U16331/O (NR2P)                          0.16       2.29 f
  U17224/O (ND3P)                          0.13       2.42 r
  U15908/O (NR2P)                          0.09       2.50 f
  U15514/O (AN3)                           0.28       2.79 f
  U22014/O (ND3HT)                         0.29       3.08 r
  U11302/O (NR2P)                          0.18       3.26 f
  U25049/O (ND2P)                          0.27       3.53 r
  U27941/O (AN3T)                          0.42       3.95 r
  U28013/S (FA1)                           0.65       4.60 f
  U28010/S (FA1)                           0.34       4.93 f
  U28022/CO (FA1)                          0.42       5.35 f
  U28373/S (FA1)                           0.69       6.04 r
  U28380/O (INV1S)                         0.18       6.23 f
  U28381/O (MOAI1H)                        0.19       6.42 r
  U16568/S (FA1)                           0.40       6.82 f
  U29490/O (NR2)                           0.30       7.12 r
  U14625/O (XOR2H)                         0.23       7.35 r
  U14624/OB (MXL2H)                        0.14       7.49 f
  U29491/O (ND2P)                          0.12       7.61 r
  U9614/O (ND3P)                           0.12       7.73 f
  U29775/S (FA1)                           0.34       8.07 f
  U18461/S (FA1P)                          0.47       8.55 f
  U17653/O (NR2T)                          0.17       8.72 r
  U17652/O (MOAI1HP)                       0.12       8.84 f
  U21240/O (XOR2HP)                        0.20       9.04 f
  U21257/O (XOR2HP)                        0.18       9.22 f
  U17646/O (XNR2HP)                        0.18       9.40 f
  U17643/O (XNR2HP)                        0.21       9.61 f
  U17642/O (XNR2HP)                        0.18       9.79 f
  U14340/O (XNR2HT)                        0.21      10.00 f
  drc_out[4] (out)                         0.00      10.00 f
  data arrival time                                  10.00

  clock clk (rise edge)                   10.00      10.00
  clock network delay (ideal)              0.00      10.00
  output external delay                    0.00      10.00
  data required time                                 10.00
  -----------------------------------------------------------
  data required time                                 10.00
  data arrival time                                 -10.00
  -----------------------------------------------------------
  slack (MET)                                         0.00


1
exit
Memory usage for this session 1263 Mbytes.
Memory usage for this session including child processes 1641 Mbytes.
CPU usage for this session 826 seconds ( 0.23 hours ).
Elapsed time for this session 276 seconds ( 0.08 hours ).

Thank you...

